Archive member included because of file (symbol)

c:/program files (x86)/atmel/atmel toolchain/avr8 gcc/native/3.4.1056/avr8-gnu-toolchain/bin/../lib/gcc/avr/4.8.1/avr5\libgcc.a(_exit.o)
                              c:/program files (x86)/atmel/atmel toolchain/avr8 gcc/native/3.4.1056/avr8-gnu-toolchain/bin/../lib/gcc/avr/4.8.1/../../../../avr/lib/avr5/crtm32u4.o (exit)
c:/program files (x86)/atmel/atmel toolchain/avr8 gcc/native/3.4.1056/avr8-gnu-toolchain/bin/../lib/gcc/avr/4.8.1/avr5\libgcc.a(_tablejump.o)
                              src/LUFA/LUFA/Drivers/USB/Core/DeviceStandardReq.o (__tablejump2__)
c:/program files (x86)/atmel/atmel toolchain/avr8 gcc/native/3.4.1056/avr8-gnu-toolchain/bin/../lib/gcc/avr/4.8.1/avr5\libgcc.a(_copy_data.o)
                              src/LUFA/LUFA/Drivers/USB/Class/Device/CDCClassDevice.o (__do_copy_data)
c:/program files (x86)/atmel/atmel toolchain/avr8 gcc/native/3.4.1056/avr8-gnu-toolchain/bin/../lib/gcc/avr/4.8.1/avr5\libgcc.a(_clear_bss.o)
                              src/LUFA/LUFA/Drivers/USB/Core/DeviceStandardReq.o (__do_clear_bss)
c:/program files (x86)/atmel/atmel toolchain/avr8 gcc/native/3.4.1056/avr8-gnu-toolchain/bin/../lib/gcc/avr/4.8.1/../../../../avr/lib/avr5\libc.a(memcpy_P.o)
                              src/LUFA/LUFA/Drivers/USB/Class/Device/RNDISClassDevice.o (memcpy_P)
c:/program files (x86)/atmel/atmel toolchain/avr8 gcc/native/3.4.1056/avr8-gnu-toolchain/bin/../lib/gcc/avr/4.8.1/../../../../avr/lib/avr5\libc.a(memcmp.o)
                              src/LUFA/LUFA/Drivers/USB/Class/Device/HIDClassDevice.o (memcmp)
c:/program files (x86)/atmel/atmel toolchain/avr8 gcc/native/3.4.1056/avr8-gnu-toolchain/bin/../lib/gcc/avr/4.8.1/../../../../avr/lib/avr5\libc.a(memcpy.o)
                              src/LUFA/LUFA/Drivers/USB/Class/Device/HIDClassDevice.o (memcpy)
c:/program files (x86)/atmel/atmel toolchain/avr8 gcc/native/3.4.1056/avr8-gnu-toolchain/bin/../lib/gcc/avr/4.8.1/../../../../avr/lib/avr5\libc.a(memset.o)
                              src/LUFA/LUFA/Drivers/USB/Class/Device/HIDClassDevice.o (memset)
c:/program files (x86)/atmel/atmel toolchain/avr8 gcc/native/3.4.1056/avr8-gnu-toolchain/bin/../lib/gcc/avr/4.8.1/../../../../avr/lib/avr5\libc.a(fputs.o)
                              VirtualSerial.o (fputs)
c:/program files (x86)/atmel/atmel toolchain/avr8 gcc/native/3.4.1056/avr8-gnu-toolchain/bin/../lib/gcc/avr/4.8.1/../../../../avr/lib/avr5\libc.a(eerd_byte_atmega32u4.o)
                              src/LUFA/LUFA/Drivers/USB/Core/AVR8/EndpointStream_AVR8.o (__eerd_byte_m32u4)
c:/program files (x86)/atmel/atmel toolchain/avr8 gcc/native/3.4.1056/avr8-gnu-toolchain/bin/../lib/gcc/avr/4.8.1/../../../../avr/lib/avr5\libc.a(eeupd_byte_atmega32u4.o)
                              src/LUFA/LUFA/Drivers/USB/Core/AVR8/EndpointStream_AVR8.o (__eeupd_byte_m32u4)
c:/program files (x86)/atmel/atmel toolchain/avr8 gcc/native/3.4.1056/avr8-gnu-toolchain/bin/../lib/gcc/avr/4.8.1/avr5\libgcc.a(_epilogue.o)
                              c:/program files (x86)/atmel/atmel toolchain/avr8 gcc/native/3.4.1056/avr8-gnu-toolchain/bin/../lib/gcc/avr/4.8.1/../../../../avr/lib/avr5\libc.a(fputs.o) (__epilogue_restores__)

Allocating common symbols
Common symbol       size              file

USB_IsInitialized   0x1               src/LUFA/LUFA/Drivers/USB/Core/USBTask.o
USB_DeviceState     0x1               src/LUFA/LUFA/Drivers/USB/Core/USBTask.o
USB_Device_ConfigurationNumber
                    0x1               src/LUFA/LUFA/Drivers/USB/Core/DeviceStandardReq.o
USB_Device_CurrentlySelfPowered
                    0x1               src/LUFA/LUFA/Drivers/USB/Core/DeviceStandardReq.o
USB_ControlRequest  0x8               src/LUFA/LUFA/Drivers/USB/Core/USBTask.o
result              0x1               VirtualSerial.o
USB_Device_RemoteWakeupEnabled
                    0x1               src/LUFA/LUFA/Drivers/USB/Core/DeviceStandardReq.o

Discarded input sections

 .bss           0x00000000        0x0 c:/program files (x86)/atmel/atmel toolchain/avr8 gcc/native/3.4.1056/avr8-gnu-toolchain/bin/../lib/gcc/avr/4.8.1/../../../../avr/lib/avr5/crtm32u4.o
 .group         0x00000000        0x8 Descriptors.o
 .group         0x00000000        0x8 Descriptors.o
 .group         0x00000000        0x8 Descriptors.o
 .group         0x00000000        0x8 Descriptors.o
 .group         0x00000000        0x8 Descriptors.o
 .group         0x00000000        0x8 Descriptors.o
 .group         0x00000000        0x8 Descriptors.o
 .group         0x00000000        0x8 Descriptors.o
 .group         0x00000000        0x8 Descriptors.o
 .group         0x00000000        0x8 Descriptors.o
 .group         0x00000000        0x8 Descriptors.o
 .group         0x00000000        0x8 Descriptors.o
 .group         0x00000000        0x8 Descriptors.o
 .group         0x00000000        0x8 Descriptors.o
 .group         0x00000000        0x8 Descriptors.o
 .group         0x00000000        0x8 Descriptors.o
[...]
Memory Configuration

Name             Origin             Length             Attributes
text             0x00000000         0x00020000         xr
data             0x00800060         0x0000ffa0         rw !x
eeprom           0x00810000         0x00010000         rw !x
fuse             0x00820000         0x00000400         rw !x
lock             0x00830000         0x00000400         rw !x
signature        0x00840000         0x00000400         rw !x
user_signatures  0x00850000         0x00000400         rw !x
*default*        0x00000000         0xffffffff

Linker script and memory map

Address of section .data set to 0x800100
LOAD c:/program files (x86)/atmel/atmel toolchain/avr8 gcc/native/3.4.1056/avr8-gnu-toolchain/bin/../lib/gcc/avr/4.8.1/../../../../avr/lib/avr5/crtm32u4.o
LOAD Descriptors.o
LOAD src/Lib/LCD/lcd.o
LOAD src/LUFA/LUFA/Drivers/USB/Class/Common/HIDParser.o
LOAD src/LUFA/LUFA/Drivers/USB/Class/Device/AudioClassDevice.o
LOAD src/LUFA/LUFA/Drivers/USB/Class/Device/CDCClassDevice.o
LOAD src/LUFA/LUFA/Drivers/USB/Class/Device/HIDClassDevice.o
LOAD src/LUFA/LUFA/Drivers/USB/Class/Device/MassStorageClassDevice.o
LOAD src/LUFA/LUFA/Drivers/USB/Class/Device/MIDIClassDevice.o
LOAD src/LUFA/LUFA/Drivers/USB/Class/Device/PrinterClassDevice.o
LOAD src/LUFA/LUFA/Drivers/USB/Class/Device/RNDISClassDevice.o
LOAD src/LUFA/LUFA/Drivers/USB/Class/Host/AndroidAccessoryClassHost.o
LOAD src/LUFA/LUFA/Drivers/USB/Class/Host/AudioClassHost.o
LOAD src/LUFA/LUFA/Drivers/USB/Class/Host/CDCClassHost.o
LOAD src/LUFA/LUFA/Drivers/USB/Class/Host/HIDClassHost.o
LOAD src/LUFA/LUFA/Drivers/USB/Class/Host/MassStorageClassHost.o
LOAD src/LUFA/LUFA/Drivers/USB/Class/Host/MIDIClassHost.o
LOAD src/LUFA/LUFA/Drivers/USB/Class/Host/PrinterClassHost.o
LOAD src/LUFA/LUFA/Drivers/USB/Class/Host/RNDISClassHost.o
LOAD src/LUFA/LUFA/Drivers/USB/Class/Host/StillImageClassHost.o
LOAD src/LUFA/LUFA/Drivers/USB/Core/AVR8/Device_AVR8.o
LOAD src/LUFA/LUFA/Drivers/USB/Core/AVR8/EndpointStream_AVR8.o
LOAD src/LUFA/LUFA/Drivers/USB/Core/AVR8/Endpoint_AVR8.o
LOAD src/LUFA/LUFA/Drivers/USB/Core/AVR8/Host_AVR8.o
LOAD src/LUFA/LUFA/Drivers/USB/Core/AVR8/PipeStream_AVR8.o
LOAD src/LUFA/LUFA/Drivers/USB/Core/AVR8/Pipe_AVR8.o
LOAD src/LUFA/LUFA/Drivers/USB/Core/AVR8/Template/Template_Endpoint_Control_R.o
LOAD src/LUFA/LUFA/Drivers/USB/Core/AVR8/Template/Template_Endpoint_Control_W.o
LOAD src/LUFA/LUFA/Drivers/USB/Core/AVR8/Template/Template_Endpoint_RW.o
LOAD src/LUFA/LUFA/Drivers/USB/Core/AVR8/Template/Template_Pipe_RW.o
LOAD src/LUFA/LUFA/Drivers/USB/Core/AVR8/USBController_AVR8.o
LOAD src/LUFA/LUFA/Drivers/USB/Core/AVR8/USBInterrupt_AVR8.o
LOAD src/LUFA/LUFA/Drivers/USB/Core/ConfigDescriptors.o
LOAD src/LUFA/LUFA/Drivers/USB/Core/DeviceStandardReq.o
LOAD src/LUFA/LUFA/Drivers/USB/Core/Events.o
LOAD src/LUFA/LUFA/Drivers/USB/Core/HostStandardReq.o
LOAD src/LUFA/LUFA/Drivers/USB/Core/USBTask.o
LOAD VirtualSerial.o
START GROUP
LOAD c:/program files (x86)/atmel/atmel toolchain/avr8 gcc/native/3.4.1056/avr8-gnu-toolchain/bin/../lib/gcc/avr/4.8.1/../../../../avr/lib/avr5\libm.a
END GROUP
START GROUP
LOAD c:/program files (x86)/atmel/atmel toolchain/avr8 gcc/native/3.4.1056/avr8-gnu-toolchain/bin/../lib/gcc/avr/4.8.1/avr5\libgcc.a
LOAD c:/program files (x86)/atmel/atmel toolchain/avr8 gcc/native/3.4.1056/avr8-gnu-toolchain/bin/../lib/gcc/avr/4.8.1/../../../../avr/lib/avr5\libm.a
LOAD c:/program files (x86)/atmel/atmel toolchain/avr8 gcc/native/3.4.1056/avr8-gnu-toolchain/bin/../lib/gcc/avr/4.8.1/../../../../avr/lib/avr5\libc.a
END GROUP

.hash
 *(.hash)

.dynsym
 *(.dynsym)

.dynstr
 *(.dynstr)

.gnu.version
 *(.gnu.version)

.gnu.version_d
 *(.gnu.version_d)

.gnu.version_r
 *(.gnu.version_r)

.rel.init
 *(.rel.init)

.rela.init
 *(.rela.init)

.rel.text
 *(.rel.text)
 *(.rel.text.*)
 *(.rel.gnu.linkonce.t*)

.rela.text
 *(.rela.text)
 *(.rela.text.*)
 *(.rela.gnu.linkonce.t*)

.rel.fini
 *(.rel.fini)

.rela.fini
 *(.rela.fini)

.rel.rodata
 *(.rel.rodata)
 *(.rel.rodata.*)
 *(.rel.gnu.linkonce.r*)

.rela.rodata
 *(.rela.rodata)
 *(.rela.rodata.*)
 *(.rela.gnu.linkonce.r*)

.rel.data
 *(.rel.data)
 *(.rel.data.*)
 *(.rel.gnu.linkonce.d*)

.rela.data
 *(.rela.data)
 *(.rela.data.*)
 *(.rela.gnu.linkonce.d*)

.rel.ctors
 *(.rel.ctors)

.rela.ctors
 *(.rela.ctors)

.rel.dtors
 *(.rel.dtors)

.rela.dtors
 *(.rela.dtors)

.rel.got
 *(.rel.got)

.rela.got
 *(.rela.got)

.rel.bss
 *(.rel.bss)

.rela.bss
 *(.rela.bss)

.rel.plt
 *(.rel.plt)

.rela.plt
 *(.rela.plt)

.text           0x00000000     0x1104
 *(.vectors)
 .vectors       0x00000000       0xac c:/program files (x86)/atmel/atmel toolchain/avr8 gcc/native/3.4.1056/avr8-gnu-toolchain/bin/../lib/gcc/avr/4.8.1/../../../../avr/lib/avr5/crtm32u4.o
                0x00000000                __vector_default
                0x00000000                __vectors
 *(.vectors)
 *(.progmem.gcc*)
 .progmem.gcc_sw_table.USB_Device_ProcessControlRequest
                0x000000ac       0x14 src/LUFA/LUFA/Drivers/USB/Core/DeviceStandardReq.o
                0x000000c0                . = ALIGN (0x2)
                0x000000c0                __trampolines_start = .
 *(.trampolines)
 .trampolines   0x000000c0        0x0 linker stubs
 *(.trampolines*)
                0x000000c0                __trampolines_end = .
 *(.progmem*)
 .progmem.data.ProductString
                0x000000c0       0x1e Descriptors.o
                0x000000c0                ProductString
 .progmem.data.ManufacturerString
                0x000000de       0x1a Descriptors.o
                0x000000de                ManufacturerString
 .progmem.data.LanguageString
                0x000000f8        0x4 Descriptors.o
                0x000000f8                LanguageString
 .progmem.data.ConfigurationDescriptor
                0x000000fc       0x3e Descriptors.o
                0x000000fc                ConfigurationDescriptor
 .progmem.data.DeviceDescriptor
                0x0000013a       0x12 Descriptors.o
                0x0000013a                DeviceDescriptor
                0x0000014c                . = ALIGN (0x2)
 *(.jumptables)
 *(.jumptables*)
 *(.lowtext)
 *(.lowtext*)
                0x0000014c                __ctors_start = .
 *(.ctors)
                0x0000014c                __ctors_end = .
                0x0000014c                __dtors_start = .
 *(.dtors)
                0x0000014c                __dtors_end = .
 SORT(*)(.ctors)
 SORT(*)(.dtors)
 *(.init0)
 .init0         0x0000014c        0x0 c:/program files (x86)/atmel/atmel toolchain/avr8 gcc/native/3.4.1056/avr8-gnu-toolchain/bin/../lib/gcc/avr/4.8.1/../../../../avr/lib/avr5/crtm32u4.o
                0x0000014c                __init
 *(.init0)
 *(.init1)
 *(.init1)
 *(.init2)
 .init2         0x0000014c        0xc c:/program files (x86)/atmel/atmel toolchain/avr8 gcc/native/3.4.1056/avr8-gnu-toolchain/bin/../lib/gcc/avr/4.8.1/../../../../avr/lib/avr5/crtm32u4.o
 *(.init2)
 *(.init3)
 *(.init3)
 *(.init4)
 .init4         0x00000158       0x16 c:/program files (x86)/atmel/atmel toolchain/avr8 gcc/native/3.4.1056/avr8-gnu-toolchain/bin/../lib/gcc/avr/4.8.1/avr5\libgcc.a(_copy_data.o)
                0x00000158                __do_copy_data
 .init4         0x0000016e       0x10 c:/program files (x86)/atmel/atmel toolchain/avr8 gcc/native/3.4.1056/avr8-gnu-toolchain/bin/../lib/gcc/avr/4.8.1/avr5\libgcc.a(_clear_bss.o)
                0x0000016e                __do_clear_bss
 *(.init4)
 *(.init5)
 *(.init5)
 *(.init6)
 *(.init6)
 *(.init7)
 *(.init7)
 *(.init8)
 *(.init8)
 *(.init9)
 .init9         0x0000017e        0x4 c:/program files (x86)/atmel/atmel toolchain/avr8 gcc/native/3.4.1056/avr8-gnu-toolchain/bin/../lib/gcc/avr/4.8.1/../../../../avr/lib/avr5/crtm32u4.o
 *(.init9)
 *(.text)
 .text          0x00000182        0x2 c:/program files (x86)/atmel/atmel toolchain/avr8 gcc/native/3.4.1056/avr8-gnu-toolchain/bin/../lib/gcc/avr/4.8.1/../../../../avr/lib/avr5/crtm32u4.o
                0x00000182                __vector_38
                0x00000182                __vector_22
                0x00000182                __vector_28
                0x00000182                __vector_1
                0x00000182                __vector_32
                0x00000182                __vector_34
                0x00000182                __vector_24
                0x00000182                __vector_12
                0x00000182                __bad_interrupt
                0x00000182                __vector_6
                0x00000182                __vector_31
                0x00000182                __vector_35
                0x00000182                __vector_39
                0x00000182                __vector_3
                0x00000182                __vector_23
                0x00000182                __vector_30
                0x00000182                __vector_25
                0x00000182                __vector_13
                0x00000182                __vector_17
                0x00000182                __vector_19
                0x00000182                __vector_7
                0x00000182                __vector_41
                0x00000182                __vector_27
                0x00000182                __vector_5
                0x00000182                __vector_33
                0x00000182                __vector_37
                0x00000182                __vector_4
                0x00000182                __vector_9
                0x00000182                __vector_2
                0x00000182                __vector_21
                0x00000182                __vector_15
                0x00000182                __vector_36
                0x00000182                __vector_29
                0x00000182                __vector_40
                0x00000182                __vector_8
                0x00000182                __vector_26
                0x00000182                __vector_14
                0x00000182                __vector_16
                0x00000182                __vector_18
                0x00000182                __vector_20
                0x00000182                __vector_42
                0x00000184                . = ALIGN (0x2)
 *(.text.*)
 .text.CALLBACK_USB_GetDescriptor
                0x00000184       0x64 Descriptors.o
                0x00000184                CALLBACK_USB_GetDescriptor
 .text.toggle_e
                0x000001e8        0xe src/Lib/LCD/lcd.o
 .text.lcd_write
                0x000001f6       0x66 src/Lib/LCD/lcd.o
 .text.lcd_read.constprop.0
                0x0000025c       0x56 src/Lib/LCD/lcd.o
 .text.lcd_waitbusy
                0x000002b2       0x10 src/Lib/LCD/lcd.o
 .text.lcd_command
                0x000002c2        0xe src/Lib/LCD/lcd.o
                0x000002c2                lcd_command
 .text.lcd_gotoxy
                0x000002d0        0xc src/Lib/LCD/lcd.o
                0x000002d0                lcd_gotoxy
 .text.lcd_clrscr
                0x000002dc        0x4 src/Lib/LCD/lcd.o
                0x000002dc                lcd_clrscr
 .text.lcd_putc
                0x000002e0       0x22 src/Lib/LCD/lcd.o
                0x000002e0                lcd_putc
 .text.lcd_puts
                0x00000302       0x16 src/Lib/LCD/lcd.o
                0x00000302                lcd_puts
 .text.lcd_init
                0x00000318       0x74 src/Lib/LCD/lcd.o
                0x00000318                lcd_init
 .text.CDC_Device_ConfigureEndpoints
                0x0000038c       0x4a src/LUFA/LUFA/Drivers/USB/Class/Device/CDCClassDevice.o
                0x0000038c                CDC_Device_ConfigureEndpoints
 .text.CDC_Device_SendByte
                0x000003d6       0x4e src/LUFA/LUFA/Drivers/USB/Class/Device/CDCClassDevice.o
                0x000003d6                CDC_Device_SendByte
 .text.CDC_Device_putchar
                0x00000424       0x20 src/LUFA/LUFA/Drivers/USB/Class/Device/CDCClassDevice.o
 .text.CDC_Device_Flush
                0x00000444       0x5c src/LUFA/LUFA/Drivers/USB/Class/Device/CDCClassDevice.o
                0x00000444                CDC_Device_Flush
 .text.CDC_Device_USBTask
                0x000004a0       0x2c src/LUFA/LUFA/Drivers/USB/Class/Device/CDCClassDevice.o
                0x000004a0                CDC_Device_USBTask
 .text.CDC_Device_ReceiveByte
                0x000004cc       0x6a src/LUFA/LUFA/Drivers/USB/Class/Device/CDCClassDevice.o
                0x000004cc                CDC_Device_ReceiveByte
 .text.CDC_Device_getchar
                0x00000536       0x12 src/LUFA/LUFA/Drivers/USB/Class/Device/CDCClassDevice.o
 .text.CDC_Device_CreateStream
                0x00000548       0x26 src/LUFA/LUFA/Drivers/USB/Class/Device/CDCClassDevice.o
                0x00000548                CDC_Device_CreateStream
 .text.CDC_Device_Event_Stub
                0x0000056e        0x2 src/LUFA/LUFA/Drivers/USB/Class/Device/CDCClassDevice.o
                0x0000056e                EVENT_CDC_Device_ControLineStateChanged
                0x0000056e                EVENT_CDC_Device_BreakSent
                0x0000056e                CDC_Device_Event_Stub
                0x0000056e                EVENT_CDC_Device_LineEncodingChanged
 .text.CDC_Device_ProcessControlRequest
                0x00000570      0x160 src/LUFA/LUFA/Drivers/USB/Class/Device/CDCClassDevice.o
                0x00000570                CDC_Device_ProcessControlRequest
 .text.Endpoint_Write_Control_Stream_LE
                0x000006d0       0xb6 src/LUFA/LUFA/Drivers/USB/Core/AVR8/EndpointStream_AVR8.o
                0x000006d0                Endpoint_Write_Control_Stream_LE
 .text.Endpoint_Write_Control_PStream_LE
                0x00000786       0xbc src/LUFA/LUFA/Drivers/USB/Core/AVR8/EndpointStream_AVR8.o
                0x00000786                Endpoint_Write_Control_PStream_LE
 .text.Endpoint_ConfigureEndpoint_Prv
                0x00000842       0x6a src/LUFA/LUFA/Drivers/USB/Core/AVR8/Endpoint_AVR8.o
                0x00000842                Endpoint_ConfigureEndpoint_Prv
 .text.Endpoint_ConfigureEndpointTable
                0x000008ac       0x7a src/LUFA/LUFA/Drivers/USB/Core/AVR8/Endpoint_AVR8.o
                0x000008ac                Endpoint_ConfigureEndpointTable
 .text.Endpoint_ClearStatusStage
                0x00000926       0x42 src/LUFA/LUFA/Drivers/USB/Core/AVR8/Endpoint_AVR8.o
                0x00000926                Endpoint_ClearStatusStage
 .text.Endpoint_WaitUntilReady
                0x00000968       0x60 src/LUFA/LUFA/Drivers/USB/Core/AVR8/Endpoint_AVR8.o
                0x00000968                Endpoint_WaitUntilReady
 .text.USB_ResetInterface
                0x000009c8       0x80 src/LUFA/LUFA/Drivers/USB/Core/AVR8/USBController_AVR8.o
                0x000009c8                USB_ResetInterface
 .text.USB_Init
                0x00000a48       0x20 src/LUFA/LUFA/Drivers/USB/Core/AVR8/USBController_AVR8.o
                0x00000a48                USB_Init
 .text.USB_INT_DisableAllInterrupts
                0x00000a68       0x10 src/LUFA/LUFA/Drivers/USB/Core/AVR8/USBInterrupt_AVR8.o
                0x00000a68                USB_INT_DisableAllInterrupts
 .text.USB_INT_ClearAllInterrupts
                0x00000a78        0xa src/LUFA/LUFA/Drivers/USB/Core/AVR8/USBInterrupt_AVR8.o
                0x00000a78                USB_INT_ClearAllInterrupts
 .text.__vector_10
                0x00000a82      0x196 src/LUFA/LUFA/Drivers/USB/Core/AVR8/USBInterrupt_AVR8.o
                0x00000a82                __vector_10
 .text.__vector_11
                0x00000c18       0x76 src/LUFA/LUFA/Drivers/USB/Core/AVR8/USBInterrupt_AVR8.o
                0x00000c18                __vector_11
 .text.USB_Device_ProcessControlRequest
                0x00000c8e      0x28a src/LUFA/LUFA/Drivers/USB/Core/DeviceStandardReq.o
                0x00000c8e                USB_Device_ProcessControlRequest
 .text.USB_Event_Stub
                0x00000f18        0x2 src/LUFA/LUFA/Drivers/USB/Core/Events.o
                0x00000f18                USB_Event_Stub
                0x00000f18                EVENT_USB_Device_Suspend
                0x00000f18                EVENT_USB_Device_StartOfFrame
                0x00000f18                EVENT_USB_Device_Reset
                0x00000f18                EVENT_USB_Device_WakeUp
 .text.USB_USBTask
                0x00000f1a       0x38 src/LUFA/LUFA/Drivers/USB/Core/USBTask.o
                0x00000f1a                USB_USBTask
 .text.LEDs_SetAllLEDs
                0x00000f52       0x28 VirtualSerial.o
 .text.SetupHardware
                0x00000f7a       0x5c VirtualSerial.o
                0x00000f7a                SetupHardware
 .text.Read_DualSlope
                0x00000fd6       0x1e VirtualSerial.o
                0x00000fd6                Read_DualSlope
 .text.startup.main
                0x00000ff4       0x5a VirtualSerial.o
                0x00000ff4                main
 .text.EVENT_USB_Device_Connect
                0x0000104e        0x4 VirtualSerial.o
                0x0000104e                EVENT_USB_Device_Connect
 .text.EVENT_USB_Device_Disconnect
                0x00001052        0x4 VirtualSerial.o
                0x00001052                EVENT_USB_Device_Disconnect
 .text.EVENT_USB_Device_ConfigurationChanged
                0x00001056       0x12 VirtualSerial.o
                0x00001056                EVENT_USB_Device_ConfigurationChanged
 .text.EVENT_USB_Device_ControlRequest
                0x00001068        0x6 VirtualSerial.o
                0x00001068                EVENT_USB_Device_ControlRequest
 .text.libgcc   0x0000106e        0xc c:/program files (x86)/atmel/atmel toolchain/avr8 gcc/native/3.4.1056/avr8-gnu-toolchain/bin/../lib/gcc/avr/4.8.1/avr5\libgcc.a(_tablejump.o)
                0x0000106e                __tablejump2__
                0x00001072                __tablejump__
 .text.avr-libc
                0x0000107a       0x50 c:/program files (x86)/atmel/atmel toolchain/avr8 gcc/native/3.4.1056/avr8-gnu-toolchain/bin/../lib/gcc/avr/4.8.1/../../../../avr/lib/avr5\libc.a(fputs.o)
                0x0000107a                fputs
 .text.libgcc.prologue
                0x000010ca       0x36 c:/program files (x86)/atmel/atmel toolchain/avr8 gcc/native/3.4.1056/avr8-gnu-toolchain/bin/../lib/gcc/avr/4.8.1/avr5\libgcc.a(_epilogue.o)
                0x000010ca                __epilogue_restores__
                0x00001100                . = ALIGN (0x2)
 *(.fini9)
 .fini9         0x00001100        0x0 c:/program files (x86)/atmel/atmel toolchain/avr8 gcc/native/3.4.1056/avr8-gnu-toolchain/bin/../lib/gcc/avr/4.8.1/avr5\libgcc.a(_exit.o)
                0x00001100                _exit
                0x00001100                exit
 *(.fini9)
 *(.fini8)
 *(.fini8)
 *(.fini7)
 *(.fini7)
 *(.fini6)
 *(.fini6)
 *(.fini5)
 *(.fini5)
 *(.fini4)
 *(.fini4)
 *(.fini3)
 *(.fini3)
 *(.fini2)
 *(.fini2)
 *(.fini1)
 *(.fini1)
 *(.fini0)
 .fini0         0x00001100        0x4 c:/program files (x86)/atmel/atmel toolchain/avr8 gcc/native/3.4.1056/avr8-gnu-toolchain/bin/../lib/gcc/avr/4.8.1/avr5\libgcc.a(_exit.o)
 *(.fini0)
                0x00001104                _etext = .

.data           0x00800100       0x58 load address 0x00001104
                0x00800100                PROVIDE (__data_start, .)
 *(.data)
 .data          0x00800100        0x0 c:/program files (x86)/atmel/atmel toolchain/avr8 gcc/native/3.4.1056/avr8-gnu-toolchain/bin/../lib/gcc/avr/4.8.1/../../../../avr/lib/avr5/crtm32u4.o
 .data          0x00800100        0x0 Descriptors.o
 .data          0x00800100        0x0 src/Lib/LCD/lcd.o
 .data          0x00800100        0x0 src/LUFA/LUFA/Drivers/USB/Class/Common/HIDParser.o
 .data          0x00800100        0x0 src/LUFA/LUFA/Drivers/USB/Class/Device/AudioClassDevice.o
 .data          0x00800100        0x0 src/LUFA/LUFA/Drivers/USB/Class/Device/CDCClassDevice.o
 .data          0x00800100        0x0 src/LUFA/LUFA/Drivers/USB/Class/Device/HIDClassDevice.o
 .data          0x00800100        0x0 src/LUFA/LUFA/Drivers/USB/Class/Device/MassStorageClassDevice.o
 .data          0x00800100        0x0 src/LUFA/LUFA/Drivers/USB/Class/Device/MIDIClassDevice.o
 .data          0x00800100        0x0 src/LUFA/LUFA/Drivers/USB/Class/Device/PrinterClassDevice.o
 .data          0x00800100        0x0 src/LUFA/LUFA/Drivers/USB/Class/Device/RNDISClassDevice.o
 .data          0x00800100        0x0 src/LUFA/LUFA/Drivers/USB/Class/Host/AndroidAccessoryClassHost.o
 .data          0x00800100        0x0 src/LUFA/LUFA/Drivers/USB/Class/Host/AudioClassHost.o
 .data          0x00800100        0x0 src/LUFA/LUFA/Drivers/USB/Class/Host/CDCClassHost.o
 .data          0x00800100        0x0 src/LUFA/LUFA/Drivers/USB/Class/Host/HIDClassHost.o
 .data          0x00800100        0x0 src/LUFA/LUFA/Drivers/USB/Class/Host/MassStorageClassHost.o
 .data          0x00800100        0x0 src/LUFA/LUFA/Drivers/USB/Class/Host/MIDIClassHost.o
 .data          0x00800100        0x0 src/LUFA/LUFA/Drivers/USB/Class/Host/PrinterClassHost.o
 .data          0x00800100        0x0 src/LUFA/LUFA/Drivers/USB/Class/Host/RNDISClassHost.o
 .data          0x00800100        0x0 src/LUFA/LUFA/Drivers/USB/Class/Host/StillImageClassHost.o
 .data          0x00800100        0x0 src/LUFA/LUFA/Drivers/USB/Core/AVR8/Device_AVR8.o
 .data          0x00800100        0x0 src/LUFA/LUFA/Drivers/USB/Core/AVR8/EndpointStream_AVR8.o
 .data          0x00800100        0x0 src/LUFA/LUFA/Drivers/USB/Core/AVR8/Endpoint_AVR8.o
 .data          0x00800100        0x0 src/LUFA/LUFA/Drivers/USB/Core/AVR8/Host_AVR8.o
 .data          0x00800100        0x0 src/LUFA/LUFA/Drivers/USB/Core/AVR8/PipeStream_AVR8.o
 .data          0x00800100        0x0 src/LUFA/LUFA/Drivers/USB/Core/AVR8/Pipe_AVR8.o
 .data          0x00800100        0x0 src/LUFA/LUFA/Drivers/USB/Core/AVR8/Template/Template_Endpoint_Control_R.o
 .data          0x00800100        0x0 src/LUFA/LUFA/Drivers/USB/Core/AVR8/Template/Template_Endpoint_Control_W.o
 .data          0x00800100        0x0 src/LUFA/LUFA/Drivers/USB/Core/AVR8/Template/Template_Endpoint_RW.o
 .data          0x00800100        0x0 src/LUFA/LUFA/Drivers/USB/Core/AVR8/Template/Template_Pipe_RW.o
 .data          0x00800100        0x0 src/LUFA/LUFA/Drivers/USB/Core/AVR8/USBController_AVR8.o
 .data          0x00800100        0x0 src/LUFA/LUFA/Drivers/USB/Core/AVR8/USBInterrupt_AVR8.o
 .data          0x00800100        0x0 src/LUFA/LUFA/Drivers/USB/Core/ConfigDescriptors.o
 .data          0x00800100        0x0 src/LUFA/LUFA/Drivers/USB/Core/DeviceStandardReq.o
 .data          0x00800100        0x0 src/LUFA/LUFA/Drivers/USB/Core/Events.o
 .data          0x00800100        0x0 src/LUFA/LUFA/Drivers/USB/Core/HostStandardReq.o
 .data          0x00800100        0x0 src/LUFA/LUFA/Drivers/USB/Core/USBTask.o
 .data          0x00800100        0x0 VirtualSerial.o
 .data          0x00800100        0x0 c:/program files (x86)/atmel/atmel toolchain/avr8 gcc/native/3.4.1056/avr8-gnu-toolchain/bin/../lib/gcc/avr/4.8.1/avr5\libgcc.a(_exit.o)
 .data          0x00800100        0x0 c:/program files (x86)/atmel/atmel toolchain/avr8 gcc/native/3.4.1056/avr8-gnu-toolchain/bin/../lib/gcc/avr/4.8.1/avr5\libgcc.a(_tablejump.o)
 .data          0x00800100        0x0 c:/program files (x86)/atmel/atmel toolchain/avr8 gcc/native/3.4.1056/avr8-gnu-toolchain/bin/../lib/gcc/avr/4.8.1/avr5\libgcc.a(_copy_data.o)
 .data          0x00800100        0x0 c:/program files (x86)/atmel/atmel toolchain/avr8 gcc/native/3.4.1056/avr8-gnu-toolchain/bin/../lib/gcc/avr/4.8.1/avr5\libgcc.a(_clear_bss.o)
 .data          0x00800100        0x0 c:/program files (x86)/atmel/atmel toolchain/avr8 gcc/native/3.4.1056/avr8-gnu-toolchain/bin/../lib/gcc/avr/4.8.1/../../../../avr/lib/avr5\libc.a(memcpy_P.o)
 .data          0x00800100        0x0 c:/program files (x86)/atmel/atmel toolchain/avr8 gcc/native/3.4.1056/avr8-gnu-toolchain/bin/../lib/gcc/avr/4.8.1/../../../../avr/lib/avr5\libc.a(memcmp.o)
 .data          0x00800100        0x0 c:/program files (x86)/atmel/atmel toolchain/avr8 gcc/native/3.4.1056/avr8-gnu-toolchain/bin/../lib/gcc/avr/4.8.1/../../../../avr/lib/avr5\libc.a(memcpy.o)
 .data          0x00800100        0x0 c:/program files (x86)/atmel/atmel toolchain/avr8 gcc/native/3.4.1056/avr8-gnu-toolchain/bin/../lib/gcc/avr/4.8.1/../../../../avr/lib/avr5\libc.a(memset.o)
 .data          0x00800100        0x0 c:/program files (x86)/atmel/atmel toolchain/avr8 gcc/native/3.4.1056/avr8-gnu-toolchain/bin/../lib/gcc/avr/4.8.1/../../../../avr/lib/avr5\libc.a(fputs.o)
 .data          0x00800100        0x0 c:/program files (x86)/atmel/atmel toolchain/avr8 gcc/native/3.4.1056/avr8-gnu-toolchain/bin/../lib/gcc/avr/4.8.1/../../../../avr/lib/avr5\libc.a(eerd_byte_atmega32u4.o)
 .data          0x00800100        0x0 c:/program files (x86)/atmel/atmel toolchain/avr8 gcc/native/3.4.1056/avr8-gnu-toolchain/bin/../lib/gcc/avr/4.8.1/../../../../avr/lib/avr5\libc.a(eeupd_byte_atmega32u4.o)
 .data          0x00800100        0x0 c:/program files (x86)/atmel/atmel toolchain/avr8 gcc/native/3.4.1056/avr8-gnu-toolchain/bin/../lib/gcc/avr/4.8.1/avr5\libgcc.a(_epilogue.o)
 *(.data*)
 .data.VirtualSerial_CDC_Interface
                0x00800100       0x1b VirtualSerial.o
                0x00800100                VirtualSerial_CDC_Interface
 *(.rodata)
 *(.rodata*)
 .rodata.str1.1
                0x0080011b       0x3c VirtualSerial.o
 *(.gnu.linkonce.d*)
                0x00800158                . = ALIGN (0x2)
 *fill*         0x00800157        0x1 
                0x00800158                _edata = .
                0x00800158                PROVIDE (__data_end, .)

.bss            0x00800158       0x1c
                0x00800158                PROVIDE (__bss_start, .)
 *(.bss)
 *(.bss*)
 .bss.USBSerialStream
                0x00800158        0xe VirtualSerial.o
 *(COMMON)
 COMMON         0x00800166        0x3 src/LUFA/LUFA/Drivers/USB/Core/DeviceStandardReq.o
                0x00800166                USB_Device_ConfigurationNumber
                0x00800167                USB_Device_CurrentlySelfPowered
                0x00800168                USB_Device_RemoteWakeupEnabled
 COMMON         0x00800169        0xa src/LUFA/LUFA/Drivers/USB/Core/USBTask.o
                0x00800169                USB_IsInitialized
                0x0080016a                USB_DeviceState
                0x0080016b                USB_ControlRequest
 COMMON         0x00800173        0x1 VirtualSerial.o
                0x00800173                result
                0x00800174                PROVIDE (__bss_end, .)
                0x00001104                __data_load_start = LOADADDR (.data)
                0x0000115c                __data_load_end = (__data_load_start + SIZEOF (.data))

.noinit         0x00800174        0x0
                0x00800174                PROVIDE (__noinit_start, .)
 *(.noinit*)
                0x00800174                PROVIDE (__noinit_end, .)
                0x00800174                _end = .
                0x00800174                PROVIDE (__heap_start, .)

.eeprom         0x00810000        0x0
 *(.eeprom*)
                0x00810000                __eeprom_end = .

.fuse
 *(.fuse)
 *(.lfuse)
 *(.hfuse)
 *(.efuse)

.lock
 *(.lock*)

.signature
 *(.signature*)

.user_signatures
 *(.user_signatures*)

.stab
 *(.stab)

.stabstr
 *(.stabstr)

.stab.excl
 *(.stab.excl)

.stab.exclstr
 *(.stab.exclstr)

.stab.index
 *(.stab.index)

.stab.indexstr
 *(.stab.indexstr)

.comment        0x00000000       0x30
 *(.comment)
 .comment       0x00000000       0x30 Descriptors.o
                                 0x31 (size before relaxing)
 .comment       0x00000000       0x31 src/Lib/LCD/lcd.o
 .comment       0x00000000       0x31 src/LUFA/LUFA/Drivers/USB/Class/Common/HIDParser.o
 .comment       0x00000000       0x31 src/LUFA/LUFA/Drivers/USB/Class/Device/AudioClassDevice.o
 .comment       0x00000000       0x31 src/LUFA/LUFA/Drivers/USB/Class/Device/CDCClassDevice.o
 .comment       0x00000000       0x31 src/LUFA/LUFA/Drivers/USB/Class/Device/HIDClassDevice.o
 .comment       0x00000000       0x31 src/LUFA/LUFA/Drivers/USB/Class/Device/MassStorageClassDevice.o
 .comment       0x00000000       0x31 src/LUFA/LUFA/Drivers/USB/Class/Device/MIDIClassDevice.o
 .comment       0x00000000       0x31 src/LUFA/LUFA/Drivers/USB/Class/Device/PrinterClassDevice.o
 .comment       0x00000000       0x31 src/LUFA/LUFA/Drivers/USB/Class/Device/RNDISClassDevice.o
 .comment       0x00000000       0x31 src/LUFA/LUFA/Drivers/USB/Class/Host/AndroidAccessoryClassHost.o
 .comment       0x00000000       0x31 src/LUFA/LUFA/Drivers/USB/Class/Host/AudioClassHost.o
 .comment       0x00000000       0x31 src/LUFA/LUFA/Drivers/USB/Class/Host/CDCClassHost.o
 .comment       0x00000000       0x31 src/LUFA/LUFA/Drivers/USB/Class/Host/HIDClassHost.o
 .comment       0x00000000       0x31 src/LUFA/LUFA/Drivers/USB/Class/Host/MassStorageClassHost.o
 .comment       0x00000000       0x31 src/LUFA/LUFA/Drivers/USB/Class/Host/MIDIClassHost.o
 .comment       0x00000000       0x31 src/LUFA/LUFA/Drivers/USB/Class/Host/PrinterClassHost.o
 .comment       0x00000000       0x31 src/LUFA/LUFA/Drivers/USB/Class/Host/RNDISClassHost.o
 .comment       0x00000000       0x31 src/LUFA/LUFA/Drivers/USB/Class/Host/StillImageClassHost.o
 .comment       0x00000000       0x31 src/LUFA/LUFA/Drivers/USB/Core/AVR8/Device_AVR8.o
 .comment       0x00000000       0x31 src/LUFA/LUFA/Drivers/USB/Core/AVR8/EndpointStream_AVR8.o
 .comment       0x00000000       0x31 src/LUFA/LUFA/Drivers/USB/Core/AVR8/Endpoint_AVR8.o
 .comment       0x00000000       0x31 src/LUFA/LUFA/Drivers/USB/Core/AVR8/Host_AVR8.o
 .comment       0x00000000       0x31 src/LUFA/LUFA/Drivers/USB/Core/AVR8/PipeStream_AVR8.o
 .comment       0x00000000       0x31 src/LUFA/LUFA/Drivers/USB/Core/AVR8/Pipe_AVR8.o
 .comment       0x00000000       0x31 src/LUFA/LUFA/Drivers/USB/Core/AVR8/Template/Template_Endpoint_Control_R.o
 .comment       0x00000000       0x31 src/LUFA/LUFA/Drivers/USB/Core/AVR8/Template/Template_Endpoint_Control_W.o
 .comment       0x00000000       0x31 src/LUFA/LUFA/Drivers/USB/Core/AVR8/Template/Template_Endpoint_RW.o
 .comment       0x00000000       0x31 src/LUFA/LUFA/Drivers/USB/Core/AVR8/Template/Template_Pipe_RW.o
 .comment       0x00000000       0x31 src/LUFA/LUFA/Drivers/USB/Core/AVR8/USBController_AVR8.o
 .comment       0x00000000       0x31 src/LUFA/LUFA/Drivers/USB/Core/AVR8/USBInterrupt_AVR8.o
 .comment       0x00000000       0x31 src/LUFA/LUFA/Drivers/USB/Core/ConfigDescriptors.o
 .comment       0x00000000       0x31 src/LUFA/LUFA/Drivers/USB/Core/DeviceStandardReq.o
 .comment       0x00000000       0x31 src/LUFA/LUFA/Drivers/USB/Core/Events.o
 .comment       0x00000000       0x31 src/LUFA/LUFA/Drivers/USB/Core/HostStandardReq.o
 .comment       0x00000000       0x31 src/LUFA/LUFA/Drivers/USB/Core/USBTask.o
 .comment       0x00000000       0x31 VirtualSerial.o
 .comment       0x00000000       0x31 c:/program files (x86)/atmel/atmel toolchain/avr8 gcc/native/3.4.1056/avr8-gnu-toolchain/bin/../lib/gcc/avr/4.8.1/../../../../avr/lib/avr5\libc.a(fputs.o)

.note.gnu.build-id
 *(.note.gnu.build-id)

.debug
 *(.debug)

.line
 *(.line)

.debug_srcinfo
 *(.debug_srcinfo)

.debug_sfnames
 *(.debug_sfnames)

.debug_aranges  0x00000000      0x748
 *(.debug_aranges)
 .debug_aranges
                0x00000000       0x20 Descriptors.o
 .debug_aranges
                0x00000020       0x88 src/Lib/LCD/lcd.o
 .debug_aranges
                0x000000a8       0x38 src/LUFA/LUFA/Drivers/USB/Class/Common/HIDParser.o
 .debug_aranges
                0x000000e0       0x30 src/LUFA/LUFA/Drivers/USB/Class/Device/AudioClassDevice.o
 .debug_aranges
                0x00000110       0x98 src/LUFA/LUFA/Drivers/USB/Class/Device/CDCClassDevice.o
 .debug_aranges
                0x000001a8       0x30 src/LUFA/LUFA/Drivers/USB/Class/Device/HIDClassDevice.o
 .debug_aranges
                0x000001d8       0x30 src/LUFA/LUFA/Drivers/USB/Class/Device/MassStorageClassDevice.o
 .debug_aranges
                0x00000208       0x40 src/LUFA/LUFA/Drivers/USB/Class/Device/MIDIClassDevice.o
 .debug_aranges
                0x00000248       0x90 src/LUFA/LUFA/Drivers/USB/Class/Device/PrinterClassDevice.o
 .debug_aranges
                0x000002d8       0x48 src/LUFA/LUFA/Drivers/USB/Class/Device/RNDISClassDevice.o
 .debug_aranges
                0x00000320       0x18 src/LUFA/LUFA/Drivers/USB/Class/Host/AndroidAccessoryClassHost.o
 .debug_aranges
                0x00000338       0x18 src/LUFA/LUFA/Drivers/USB/Class/Host/AudioClassHost.o
 .debug_aranges
                0x00000350       0x18 src/LUFA/LUFA/Drivers/USB/Class/Host/CDCClassHost.o
 .debug_aranges
                0x00000368       0x18 src/LUFA/LUFA/Drivers/USB/Class/Host/HIDClassHost.o
 .debug_aranges
                0x00000380       0x18 src/LUFA/LUFA/Drivers/USB/Class/Host/MassStorageClassHost.o
 .debug_aranges
                0x00000398       0x18 src/LUFA/LUFA/Drivers/USB/Class/Host/MIDIClassHost.o
 .debug_aranges
                0x000003b0       0x18 src/LUFA/LUFA/Drivers/USB/Class/Host/PrinterClassHost.o
 .debug_aranges
                0x000003c8       0x18 src/LUFA/LUFA/Drivers/USB/Class/Host/RNDISClassHost.o
 .debug_aranges
                0x000003e0       0x18 src/LUFA/LUFA/Drivers/USB/Class/Host/StillImageClassHost.o
 .debug_aranges
                0x000003f8       0x20 src/LUFA/LUFA/Drivers/USB/Core/AVR8/Device_AVR8.o
 .debug_aranges
                0x00000418       0xc8 src/LUFA/LUFA/Drivers/USB/Core/AVR8/EndpointStream_AVR8.o
 .debug_aranges
                0x000004e0       0x40 src/LUFA/LUFA/Drivers/USB/Core/AVR8/Endpoint_AVR8.o
 .debug_aranges
                0x00000520       0x18 src/LUFA/LUFA/Drivers/USB/Core/AVR8/Host_AVR8.o
 .debug_aranges
                0x00000538       0x18 src/LUFA/LUFA/Drivers/USB/Core/AVR8/PipeStream_AVR8.o
 .debug_aranges
                0x00000550       0x18 src/LUFA/LUFA/Drivers/USB/Core/AVR8/Pipe_AVR8.o
 .debug_aranges
                0x00000568       0x18 src/LUFA/LUFA/Drivers/USB/Core/AVR8/Template/Template_Endpoint_Control_R.o
 .debug_aranges
                0x00000580       0x18 src/LUFA/LUFA/Drivers/USB/Core/AVR8/Template/Template_Endpoint_Control_W.o
 .debug_aranges
                0x00000598       0x18 src/LUFA/LUFA/Drivers/USB/Core/AVR8/Template/Template_Endpoint_RW.o
 .debug_aranges
                0x000005b0       0x18 src/LUFA/LUFA/Drivers/USB/Core/AVR8/Template/Template_Pipe_RW.o
 .debug_aranges
                0x000005c8       0x30 src/LUFA/LUFA/Drivers/USB/Core/AVR8/USBController_AVR8.o
 .debug_aranges
                0x000005f8       0x38 src/LUFA/LUFA/Drivers/USB/Core/AVR8/USBInterrupt_AVR8.o
 .debug_aranges
                0x00000630       0x40 src/LUFA/LUFA/Drivers/USB/Core/ConfigDescriptors.o
 .debug_aranges
                0x00000670       0x20 src/LUFA/LUFA/Drivers/USB/Core/DeviceStandardReq.o
 .debug_aranges
                0x00000690       0x20 src/LUFA/LUFA/Drivers/USB/Core/Events.o
 .debug_aranges
                0x000006b0       0x18 src/LUFA/LUFA/Drivers/USB/Core/HostStandardReq.o
 .debug_aranges
                0x000006c8       0x20 src/LUFA/LUFA/Drivers/USB/Core/USBTask.o
 .debug_aranges
                0x000006e8       0x60 VirtualSerial.o

.debug_pubnames
 *(.debug_pubnames)

.debug_info     0x00000000     0xb03e
 *(.debug_info .gnu.linkonce.wi.*)
 .debug_info    0x00000000      0x78a Descriptors.o
 .debug_info    0x0000078a      0x774 src/Lib/LCD/lcd.o
 .debug_info    0x00000efe      0x742 src/LUFA/LUFA/Drivers/USB/Class/Common/HIDParser.o
 .debug_info    0x00001640      0x900 src/LUFA/LUFA/Drivers/USB/Class/Device/AudioClassDevice.o
 .debug_info    0x00001f40      0xe82 src/LUFA/LUFA/Drivers/USB/Class/Device/CDCClassDevice.o
 .debug_info    0x00002dc2      0x9ee src/LUFA/LUFA/Drivers/USB/Class/Device/HIDClassDevice.o
 .debug_info    0x000037b0      0x95f src/LUFA/LUFA/Drivers/USB/Class/Device/MassStorageClassDevice.o
 .debug_info    0x0000410f      0x633 src/LUFA/LUFA/Drivers/USB/Class/Device/MIDIClassDevice.o
 .debug_info    0x00004742      0xce9 src/LUFA/LUFA/Drivers/USB/Class/Device/PrinterClassDevice.o
 .debug_info    0x0000542b     0x117c src/LUFA/LUFA/Drivers/USB/Class/Device/RNDISClassDevice.o
 .debug_info    0x000065a7       0x5a src/LUFA/LUFA/Drivers/USB/Class/Host/AndroidAccessoryClassHost.o
 .debug_info    0x00006601       0x5a src/LUFA/LUFA/Drivers/USB/Class/Host/AudioClassHost.o
 .debug_info    0x0000665b       0x5a src/LUFA/LUFA/Drivers/USB/Class/Host/CDCClassHost.o
 .debug_info    0x000066b5       0x5a src/LUFA/LUFA/Drivers/USB/Class/Host/HIDClassHost.o
 .debug_info    0x0000670f       0x5a src/LUFA/LUFA/Drivers/USB/Class/Host/MassStorageClassHost.o
 .debug_info    0x00006769       0x5a src/LUFA/LUFA/Drivers/USB/Class/Host/MIDIClassHost.o
 .debug_info    0x000067c3       0x5a src/LUFA/LUFA/Drivers/USB/Class/Host/PrinterClassHost.o
 .debug_info    0x0000681d       0x5a src/LUFA/LUFA/Drivers/USB/Class/Host/RNDISClassHost.o
 .debug_info    0x00006877       0x5a src/LUFA/LUFA/Drivers/USB/Class/Host/StillImageClassHost.o
 .debug_info    0x000068d1       0xd6 src/LUFA/LUFA/Drivers/USB/Core/AVR8/Device_AVR8.o
 .debug_info    0x000069a7     0x175e src/LUFA/LUFA/Drivers/USB/Core/AVR8/EndpointStream_AVR8.o
 .debug_info    0x00008105      0x618 src/LUFA/LUFA/Drivers/USB/Core/AVR8/Endpoint_AVR8.o
 .debug_info    0x0000871d       0x5a src/LUFA/LUFA/Drivers/USB/Core/AVR8/Host_AVR8.o
 .debug_info    0x00008777       0x5a src/LUFA/LUFA/Drivers/USB/Core/AVR8/PipeStream_AVR8.o
 .debug_info    0x000087d1       0x5a src/LUFA/LUFA/Drivers/USB/Core/AVR8/Pipe_AVR8.o
 .debug_info    0x0000882b       0x21 src/LUFA/LUFA/Drivers/USB/Core/AVR8/Template/Template_Endpoint_Control_R.o
 .debug_info    0x0000884c       0x21 src/LUFA/LUFA/Drivers/USB/Core/AVR8/Template/Template_Endpoint_Control_W.o
 .debug_info    0x0000886d       0x21 src/LUFA/LUFA/Drivers/USB/Core/AVR8/Template/Template_Endpoint_RW.o
 .debug_info    0x0000888e       0x21 src/LUFA/LUFA/Drivers/USB/Core/AVR8/Template/Template_Pipe_RW.o
 .debug_info    0x000088af      0x4cf src/LUFA/LUFA/Drivers/USB/Core/AVR8/USBController_AVR8.o
 .debug_info    0x00008d7e      0x7c8 src/LUFA/LUFA/Drivers/USB/Core/AVR8/USBInterrupt_AVR8.o
 .debug_info    0x00009546      0x3d1 src/LUFA/LUFA/Drivers/USB/Core/ConfigDescriptors.o
 .debug_info    0x00009917      0xa5b src/LUFA/LUFA/Drivers/USB/Core/DeviceStandardReq.o
 .debug_info    0x0000a372       0x7c src/LUFA/LUFA/Drivers/USB/Core/Events.o
 .debug_info    0x0000a3ee       0x5a src/LUFA/LUFA/Drivers/USB/Core/HostStandardReq.o
 .debug_info    0x0000a448      0x26f src/LUFA/LUFA/Drivers/USB/Core/USBTask.o
 .debug_info    0x0000a6b7      0x987 VirtualSerial.o

.debug_abbrev   0x00000000     0x2f09
 *(.debug_abbrev)
 .debug_abbrev  0x00000000      0x151 Descriptors.o
 .debug_abbrev  0x00000151      0x2d4 src/Lib/LCD/lcd.o
 .debug_abbrev  0x00000425      0x221 src/LUFA/LUFA/Drivers/USB/Class/Common/HIDParser.o
 .debug_abbrev  0x00000646      0x20f src/LUFA/LUFA/Drivers/USB/Class/Device/AudioClassDevice.o
 .debug_abbrev  0x00000855      0x420 src/LUFA/LUFA/Drivers/USB/Class/Device/CDCClassDevice.o
 .debug_abbrev  0x00000c75      0x26e src/LUFA/LUFA/Drivers/USB/Class/Device/HIDClassDevice.o
 .debug_abbrev  0x00000ee3      0x2ab src/LUFA/LUFA/Drivers/USB/Class/Device/MassStorageClassDevice.o
 .debug_abbrev  0x0000118e      0x246 src/LUFA/LUFA/Drivers/USB/Class/Device/MIDIClassDevice.o
 .debug_abbrev  0x000013d4      0x346 src/LUFA/LUFA/Drivers/USB/Class/Device/PrinterClassDevice.o
 .debug_abbrev  0x0000171a      0x372 src/LUFA/LUFA/Drivers/USB/Class/Device/RNDISClassDevice.o
 .debug_abbrev  0x00001a8c       0x29 src/LUFA/LUFA/Drivers/USB/Class/Host/AndroidAccessoryClassHost.o
 .debug_abbrev  0x00001ab5       0x29 src/LUFA/LUFA/Drivers/USB/Class/Host/AudioClassHost.o
 .debug_abbrev  0x00001ade       0x29 src/LUFA/LUFA/Drivers/USB/Class/Host/CDCClassHost.o
 .debug_abbrev  0x00001b07       0x29 src/LUFA/LUFA/Drivers/USB/Class/Host/HIDClassHost.o
 .debug_abbrev  0x00001b30       0x29 src/LUFA/LUFA/Drivers/USB/Class/Host/MassStorageClassHost.o
 .debug_abbrev  0x00001b59       0x29 src/LUFA/LUFA/Drivers/USB/Class/Host/MIDIClassHost.o
 .debug_abbrev  0x00001b82       0x29 src/LUFA/LUFA/Drivers/USB/Class/Host/PrinterClassHost.o
 .debug_abbrev  0x00001bab       0x29 src/LUFA/LUFA/Drivers/USB/Class/Host/RNDISClassHost.o
 .debug_abbrev  0x00001bd4       0x29 src/LUFA/LUFA/Drivers/USB/Class/Host/StillImageClassHost.o
 .debug_abbrev  0x00001bfd       0x83 src/LUFA/LUFA/Drivers/USB/Core/AVR8/Device_AVR8.o
 .debug_abbrev  0x00001c80      0x216 src/LUFA/LUFA/Drivers/USB/Core/AVR8/EndpointStream_AVR8.o
 .debug_abbrev  0x00001e96      0x225 src/LUFA/LUFA/Drivers/USB/Core/AVR8/Endpoint_AVR8.o
 .debug_abbrev  0x000020bb       0x29 src/LUFA/LUFA/Drivers/USB/Core/AVR8/Host_AVR8.o
 .debug_abbrev  0x000020e4       0x29 src/LUFA/LUFA/Drivers/USB/Core/AVR8/PipeStream_AVR8.o
 .debug_abbrev  0x0000210d       0x29 src/LUFA/LUFA/Drivers/USB/Core/AVR8/Pipe_AVR8.o
 .debug_abbrev  0x00002136       0x13 src/LUFA/LUFA/Drivers/USB/Core/AVR8/Template/Template_Endpoint_Control_R.o
 .debug_abbrev  0x00002149       0x13 src/LUFA/LUFA/Drivers/USB/Core/AVR8/Template/Template_Endpoint_Control_W.o
 .debug_abbrev  0x0000215c       0x13 src/LUFA/LUFA/Drivers/USB/Core/AVR8/Template/Template_Endpoint_RW.o
 .debug_abbrev  0x0000216f       0x13 src/LUFA/LUFA/Drivers/USB/Core/AVR8/Template/Template_Pipe_RW.o
 .debug_abbrev  0x00002182      0x199 src/LUFA/LUFA/Drivers/USB/Core/AVR8/USBController_AVR8.o
 .debug_abbrev  0x0000231b      0x237 src/LUFA/LUFA/Drivers/USB/Core/AVR8/USBInterrupt_AVR8.o
 .debug_abbrev  0x00002552      0x186 src/LUFA/LUFA/Drivers/USB/Core/ConfigDescriptors.o
 .debug_abbrev  0x000026d8      0x2db src/LUFA/LUFA/Drivers/USB/Core/DeviceStandardReq.o
 .debug_abbrev  0x000029b3       0x47 src/LUFA/LUFA/Drivers/USB/Core/Events.o
 .debug_abbrev  0x000029fa       0x29 src/LUFA/LUFA/Drivers/USB/Core/HostStandardReq.o
 .debug_abbrev  0x00002a23      0x16b src/LUFA/LUFA/Drivers/USB/Core/USBTask.o
 .debug_abbrev  0x00002b8e      0x37b VirtualSerial.o

.debug_line     0x00000000    0x1493c
 *(.debug_line .debug_line.* .debug_line_end)
 .debug_line    0x00000000      0xca0 Descriptors.o
 .debug_line    0x00000ca0      0x70c src/Lib/LCD/lcd.o
 .debug_line    0x000013ac      0xa29 src/LUFA/LUFA/Drivers/USB/Class/Common/HIDParser.o
 .debug_line    0x00001dd5      0xfe0 src/LUFA/LUFA/Drivers/USB/Class/Device/AudioClassDevice.o
 .debug_line    0x00002db5     0x13b3 src/LUFA/LUFA/Drivers/USB/Class/Device/CDCClassDevice.o
 .debug_line    0x00004168     0x10bf src/LUFA/LUFA/Drivers/USB/Class/Device/HIDClassDevice.o
 .debug_line    0x00005227     0x10b8 src/LUFA/LUFA/Drivers/USB/Class/Device/MassStorageClassDevice.o
 .debug_line    0x000062df      0xfcf src/LUFA/LUFA/Drivers/USB/Class/Device/MIDIClassDevice.o
 .debug_line    0x000072ae     0x12cb src/LUFA/LUFA/Drivers/USB/Class/Device/PrinterClassDevice.o
 .debug_line    0x00008579     0x1299 src/LUFA/LUFA/Drivers/USB/Class/Device/RNDISClassDevice.o
 .debug_line    0x00009812      0x4b3 src/LUFA/LUFA/Drivers/USB/Class/Host/AndroidAccessoryClassHost.o
 .debug_line    0x00009cc5      0x4a8 src/LUFA/LUFA/Drivers/USB/Class/Host/AudioClassHost.o
 .debug_line    0x0000a16d      0x4a6 src/LUFA/LUFA/Drivers/USB/Class/Host/CDCClassHost.o
 .debug_line    0x0000a613      0x4a6 src/LUFA/LUFA/Drivers/USB/Class/Host/HIDClassHost.o
 .debug_line    0x0000aab9      0x4ae src/LUFA/LUFA/Drivers/USB/Class/Host/MassStorageClassHost.o
 .debug_line    0x0000af67      0x4a7 src/LUFA/LUFA/Drivers/USB/Class/Host/MIDIClassHost.o
 .debug_line    0x0000b40e      0x4aa src/LUFA/LUFA/Drivers/USB/Class/Host/PrinterClassHost.o
 .debug_line    0x0000b8b8      0x4a8 src/LUFA/LUFA/Drivers/USB/Class/Host/RNDISClassHost.o
 .debug_line    0x0000bd60      0x4ad src/LUFA/LUFA/Drivers/USB/Class/Host/StillImageClassHost.o
 .debug_line    0x0000c20d      0x931 src/LUFA/LUFA/Drivers/USB/Core/AVR8/Device_AVR8.o
 .debug_line    0x0000cb3e     0x1aee src/LUFA/LUFA/Drivers/USB/Core/AVR8/EndpointStream_AVR8.o
 .debug_line    0x0000e62c      0xbcd src/LUFA/LUFA/Drivers/USB/Core/AVR8/Endpoint_AVR8.o
 .debug_line    0x0000f1f9      0x490 src/LUFA/LUFA/Drivers/USB/Core/AVR8/Host_AVR8.o
 .debug_line    0x0000f689      0x496 src/LUFA/LUFA/Drivers/USB/Core/AVR8/PipeStream_AVR8.o
 .debug_line    0x0000fb1f      0x490 src/LUFA/LUFA/Drivers/USB/Core/AVR8/Pipe_AVR8.o
 .debug_line    0x0000ffaf       0x6b src/LUFA/LUFA/Drivers/USB/Core/AVR8/Template/Template_Endpoint_Control_R.o
 .debug_line    0x0001001a       0x6b src/LUFA/LUFA/Drivers/USB/Core/AVR8/Template/Template_Endpoint_Control_W.o
 .debug_line    0x00010085       0x64 src/LUFA/LUFA/Drivers/USB/Core/AVR8/Template/Template_Endpoint_RW.o
 .debug_line    0x000100e9       0x60 src/LUFA/LUFA/Drivers/USB/Core/AVR8/Template/Template_Pipe_RW.o
 .debug_line    0x00010149      0x8ca src/LUFA/LUFA/Drivers/USB/Core/AVR8/USBController_AVR8.o
 .debug_line    0x00010a13      0xb70 src/LUFA/LUFA/Drivers/USB/Core/AVR8/USBInterrupt_AVR8.o
 .debug_line    0x00011583      0x8bc src/LUFA/LUFA/Drivers/USB/Core/ConfigDescriptors.o
 .debug_line    0x00011e3f      0xa57 src/LUFA/LUFA/Drivers/USB/Core/DeviceStandardReq.o
 .debug_line    0x00012896      0x472 src/LUFA/LUFA/Drivers/USB/Core/Events.o
 .debug_line    0x00012d08      0x45f src/LUFA/LUFA/Drivers/USB/Core/HostStandardReq.o
 .debug_line    0x00013167      0x7f2 src/LUFA/LUFA/Drivers/USB/Core/USBTask.o
 .debug_line    0x00013959      0xfe3 VirtualSerial.o

.debug_frame    0x00000000     0x1070
 *(.debug_frame)
 .debug_frame   0x00000000       0x24 Descriptors.o
 .debug_frame   0x00000024      0x13c src/Lib/LCD/lcd.o
 .debug_frame   0x00000160      0x114 src/LUFA/LUFA/Drivers/USB/Class/Common/HIDParser.o
 .debug_frame   0x00000274       0xa8 src/LUFA/LUFA/Drivers/USB/Class/Device/AudioClassDevice.o
 .debug_frame   0x0000031c      0x168 src/LUFA/LUFA/Drivers/USB/Class/Device/CDCClassDevice.o
 .debug_frame   0x00000484       0xe4 src/LUFA/LUFA/Drivers/USB/Class/Device/HIDClassDevice.o
 .debug_frame   0x00000568       0x80 src/LUFA/LUFA/Drivers/USB/Class/Device/MassStorageClassDevice.o
 .debug_frame   0x000005e8       0x70 src/LUFA/LUFA/Drivers/USB/Class/Device/MIDIClassDevice.o
 .debug_frame   0x00000658      0x144 src/LUFA/LUFA/Drivers/USB/Class/Device/PrinterClassDevice.o
 .debug_frame   0x0000079c      0x114 src/LUFA/LUFA/Drivers/USB/Class/Device/RNDISClassDevice.o
 .debug_frame   0x000008b0       0x24 src/LUFA/LUFA/Drivers/USB/Core/AVR8/Device_AVR8.o
 .debug_frame   0x000008d4      0x3ac src/LUFA/LUFA/Drivers/USB/Core/AVR8/EndpointStream_AVR8.o
 .debug_frame   0x00000c80       0x78 src/LUFA/LUFA/Drivers/USB/Core/AVR8/Endpoint_AVR8.o
 .debug_frame   0x00000cf8       0x58 src/LUFA/LUFA/Drivers/USB/Core/AVR8/USBController_AVR8.o
 .debug_frame   0x00000d50       0xe8 src/LUFA/LUFA/Drivers/USB/Core/AVR8/USBInterrupt_AVR8.o
 .debug_frame   0x00000e38      0x108 src/LUFA/LUFA/Drivers/USB/Core/ConfigDescriptors.o
 .debug_frame   0x00000f40       0x3c src/LUFA/LUFA/Drivers/USB/Core/DeviceStandardReq.o
 .debug_frame   0x00000f7c       0x24 src/LUFA/LUFA/Drivers/USB/Core/Events.o
 .debug_frame   0x00000fa0       0x2c src/LUFA/LUFA/Drivers/USB/Core/USBTask.o
 .debug_frame   0x00000fcc       0xa4 VirtualSerial.o

.debug_str      0x00000000    0x1a224
 *(.debug_str)
 .debug_str     0x00000000    0x15247 Descriptors.o
                              0x15515 (size before relaxing)
 .debug_str     0x00015247      0x7f3 src/Lib/LCD/lcd.o
                               0xb1c2 (size before relaxing)
 .debug_str     0x00015a3a      0x4cf src/LUFA/LUFA/Drivers/USB/Class/Common/HIDParser.o
                              0x125b0 (size before relaxing)
 .debug_str     0x00015f09      0x48e src/LUFA/LUFA/Drivers/USB/Class/Device/AudioClassDevice.o
                              0x15012 (size before relaxing)
 .debug_str     0x00016397      0x6be src/LUFA/LUFA/Drivers/USB/Class/Device/CDCClassDevice.o
                              0x15365 (size before relaxing)
 .debug_str     0x00016a55      0x288 src/LUFA/LUFA/Drivers/USB/Class/Device/HIDClassDevice.o
                              0x15062 (size before relaxing)
 .debug_str     0x00016cdd      0x30f src/LUFA/LUFA/Drivers/USB/Class/Device/MassStorageClassDevice.o
                              0x15164 (size before relaxing)
 .debug_str     0x00016fec      0x13c src/LUFA/LUFA/Drivers/USB/Class/Device/MIDIClassDevice.o
                              0x14fd2 (size before relaxing)
 .debug_str     0x00017128      0x293 src/LUFA/LUFA/Drivers/USB/Class/Device/PrinterClassDevice.o
                              0x1529e (size before relaxing)
 .debug_str     0x000173bb      0x716 src/LUFA/LUFA/Drivers/USB/Class/Device/RNDISClassDevice.o
                              0x156c5 (size before relaxing)
 .debug_str     0x00017ad1       0x44 src/LUFA/LUFA/Drivers/USB/Class/Host/AndroidAccessoryClassHost.o
                               0xe1e5 (size before relaxing)
 .debug_str     0x00017b15       0x39 src/LUFA/LUFA/Drivers/USB/Class/Host/AudioClassHost.o
                               0xe1da (size before relaxing)
 .debug_str     0x00017b4e       0x37 src/LUFA/LUFA/Drivers/USB/Class/Host/CDCClassHost.o
                               0xe1d8 (size before relaxing)
 .debug_str     0x00017b85       0x37 src/LUFA/LUFA/Drivers/USB/Class/Host/HIDClassHost.o
                               0xe1d8 (size before relaxing)
 .debug_str     0x00017bbc       0x3f src/LUFA/LUFA/Drivers/USB/Class/Host/MassStorageClassHost.o
                               0xe1e0 (size before relaxing)
 .debug_str     0x00017bfb       0x38 src/LUFA/LUFA/Drivers/USB/Class/Host/MIDIClassHost.o
                               0xe1d9 (size before relaxing)
 .debug_str     0x00017c33       0x3b src/LUFA/LUFA/Drivers/USB/Class/Host/PrinterClassHost.o
                               0xe1dc (size before relaxing)
 .debug_str     0x00017c6e       0x39 src/LUFA/LUFA/Drivers/USB/Class/Host/RNDISClassHost.o
                               0xe1da (size before relaxing)
 .debug_str     0x00017ca7       0x3e src/LUFA/LUFA/Drivers/USB/Class/Host/StillImageClassHost.o
                               0xe1df (size before relaxing)
 .debug_str     0x00017ce5       0x7d src/LUFA/LUFA/Drivers/USB/Core/AVR8/Device_AVR8.o
                               0xec40 (size before relaxing)
 .debug_str     0x00017d62      0x89e src/LUFA/LUFA/Drivers/USB/Core/AVR8/EndpointStream_AVR8.o
                               0xf9b4 (size before relaxing)
 .debug_str     0x00018600      0x199 src/LUFA/LUFA/Drivers/USB/Core/AVR8/Endpoint_AVR8.o
                               0xf062 (size before relaxing)
 .debug_str     0x00018799       0x33 src/LUFA/LUFA/Drivers/USB/Core/AVR8/Host_AVR8.o
                               0xe1d4 (size before relaxing)
 .debug_str     0x000187cc       0x39 src/LUFA/LUFA/Drivers/USB/Core/AVR8/PipeStream_AVR8.o
                               0xe1da (size before relaxing)
 .debug_str     0x00018805       0x33 src/LUFA/LUFA/Drivers/USB/Core/AVR8/Pipe_AVR8.o
                               0xe1d4 (size before relaxing)
 .debug_str     0x00018838       0x4e src/LUFA/LUFA/Drivers/USB/Core/AVR8/Template/Template_Endpoint_Control_R.o
                               0x2b10 (size before relaxing)
 .debug_str     0x00018886       0x4e src/LUFA/LUFA/Drivers/USB/Core/AVR8/Template/Template_Endpoint_Control_W.o
                               0x2b10 (size before relaxing)
 .debug_str     0x000188d4       0x47 src/LUFA/LUFA/Drivers/USB/Core/AVR8/Template/Template_Endpoint_RW.o
                               0x2b09 (size before relaxing)
 .debug_str     0x0001891b       0x43 src/LUFA/LUFA/Drivers/USB/Core/AVR8/Template/Template_Pipe_RW.o
                               0x2b05 (size before relaxing)
 .debug_str     0x0001895e      0x29c src/LUFA/LUFA/Drivers/USB/Core/AVR8/USBController_AVR8.o
                               0xefc2 (size before relaxing)
 .debug_str     0x00018bfa      0x1c6 src/LUFA/LUFA/Drivers/USB/Core/AVR8/USBInterrupt_AVR8.o
                               0xf020 (size before relaxing)
 .debug_str     0x00018dc0      0x22d src/LUFA/LUFA/Drivers/USB/Core/ConfigDescriptors.o
                               0xefb3 (size before relaxing)
 .debug_str     0x00018fed      0x336 src/LUFA/LUFA/Drivers/USB/Core/DeviceStandardReq.o
                               0xf433 (size before relaxing)
 .debug_str     0x00019323       0x53 src/LUFA/LUFA/Drivers/USB/Core/Events.o
                               0xe205 (size before relaxing)
 .debug_str     0x00019376       0x34 src/LUFA/LUFA/Drivers/USB/Core/HostStandardReq.o
                               0xe1d5 (size before relaxing)
 .debug_str     0x000193aa       0x62 src/LUFA/LUFA/Drivers/USB/Core/USBTask.o
                               0xede1 (size before relaxing)
 .debug_str     0x0001940c      0xe18 VirtualSerial.o
                              0x161a2 (size before relaxing)

.debug_loc      0x00000000     0x6919
 *(.debug_loc)
 .debug_loc     0x00000000      0x186 Descriptors.o
 .debug_loc     0x00000186      0x442 src/Lib/LCD/lcd.o
 .debug_loc     0x000005c8      0xab2 src/LUFA/LUFA/Drivers/USB/Class/Common/HIDParser.o
 .debug_loc     0x0000107a      0x37c src/LUFA/LUFA/Drivers/USB/Class/Device/AudioClassDevice.o
 .debug_loc     0x000013f6      0x85b src/LUFA/LUFA/Drivers/USB/Class/Device/CDCClassDevice.o
 .debug_loc     0x00001c51      0x42b src/LUFA/LUFA/Drivers/USB/Class/Device/HIDClassDevice.o
 .debug_loc     0x0000207c      0x29f src/LUFA/LUFA/Drivers/USB/Class/Device/MassStorageClassDevice.o
 .debug_loc     0x0000231b      0x2b8 src/LUFA/LUFA/Drivers/USB/Class/Device/MIDIClassDevice.o
 .debug_loc     0x000025d3      0x84c src/LUFA/LUFA/Drivers/USB/Class/Device/PrinterClassDevice.o
 .debug_loc     0x00002e1f      0xc7e src/LUFA/LUFA/Drivers/USB/Class/Device/RNDISClassDevice.o
 .debug_loc     0x00003a9d     0x1dc8 src/LUFA/LUFA/Drivers/USB/Core/AVR8/EndpointStream_AVR8.o
 .debug_loc     0x00005865      0x3f2 src/LUFA/LUFA/Drivers/USB/Core/AVR8/Endpoint_AVR8.o
 .debug_loc     0x00005c57       0x49 src/LUFA/LUFA/Drivers/USB/Core/AVR8/USBController_AVR8.o
 .debug_loc     0x00005ca0      0x333 src/LUFA/LUFA/Drivers/USB/Core/AVR8/USBInterrupt_AVR8.o
 .debug_loc     0x00005fd3      0x5bd src/LUFA/LUFA/Drivers/USB/Core/ConfigDescriptors.o
 .debug_loc     0x00006590      0x2a8 src/LUFA/LUFA/Drivers/USB/Core/DeviceStandardReq.o
 .debug_loc     0x00006838       0x49 src/LUFA/LUFA/Drivers/USB/Core/USBTask.o
 .debug_loc     0x00006881       0x98 VirtualSerial.o

.debug_macinfo
 *(.debug_macinfo)

.debug_weaknames
 *(.debug_weaknames)

.debug_funcnames
 *(.debug_funcnames)

.debug_typenames
 *(.debug_typenames)

.debug_varnames
 *(.debug_varnames)

.debug_pubtypes
 *(.debug_pubtypes)

.debug_ranges   0x00000000      0x7a8
 *(.debug_ranges)
 .debug_ranges  0x00000000       0x10 Descriptors.o
 .debug_ranges  0x00000010       0x90 src/Lib/LCD/lcd.o
 .debug_ranges  0x000000a0       0xd0 src/LUFA/LUFA/Drivers/USB/Class/Common/HIDParser.o
 .debug_ranges  0x00000170       0x20 src/LUFA/LUFA/Drivers/USB/Class/Device/AudioClassDevice.o
 .debug_ranges  0x00000190       0x88 src/LUFA/LUFA/Drivers/USB/Class/Device/CDCClassDevice.o
 .debug_ranges  0x00000218       0x20 src/LUFA/LUFA/Drivers/USB/Class/Device/HIDClassDevice.o
 .debug_ranges  0x00000238       0x20 src/LUFA/LUFA/Drivers/USB/Class/Device/MassStorageClassDevice.o
 .debug_ranges  0x00000258       0x30 src/LUFA/LUFA/Drivers/USB/Class/Device/MIDIClassDevice.o
 .debug_ranges  0x00000288       0x80 src/LUFA/LUFA/Drivers/USB/Class/Device/PrinterClassDevice.o
 .debug_ranges  0x00000308       0x88 src/LUFA/LUFA/Drivers/USB/Class/Device/RNDISClassDevice.o
 .debug_ranges  0x00000390       0x10 src/LUFA/LUFA/Drivers/USB/Core/AVR8/Device_AVR8.o
 .debug_ranges  0x000003a0      0x250 src/LUFA/LUFA/Drivers/USB/Core/AVR8/EndpointStream_AVR8.o
 .debug_ranges  0x000005f0       0x90 src/LUFA/LUFA/Drivers/USB/Core/AVR8/Endpoint_AVR8.o
 .debug_ranges  0x00000680       0x20 src/LUFA/LUFA/Drivers/USB/Core/AVR8/USBController_AVR8.o
 .debug_ranges  0x000006a0       0x28 src/LUFA/LUFA/Drivers/USB/Core/AVR8/USBInterrupt_AVR8.o
 .debug_ranges  0x000006c8       0x30 src/LUFA/LUFA/Drivers/USB/Core/ConfigDescriptors.o
 .debug_ranges  0x000006f8       0x40 src/LUFA/LUFA/Drivers/USB/Core/DeviceStandardReq.o
 .debug_ranges  0x00000738       0x10 src/LUFA/LUFA/Drivers/USB/Core/Events.o
 .debug_ranges  0x00000748       0x10 src/LUFA/LUFA/Drivers/USB/Core/USBTask.o
 .debug_ranges  0x00000758       0x50 VirtualSerial.o

.debug_macro    0x00000000     0xb39e
 *(.debug_macro)
 .debug_macro   0x00000000      0x432 Descriptors.o
 .debug_macro   0x00000432      0xa4e Descriptors.o
 .debug_macro   0x00000e80       0x10 Descriptors.o
 .debug_macro   0x00000e90      0x1ad Descriptors.o
 .debug_macro   0x0000103d      0x293 Descriptors.o
 .debug_macro   0x000012d0       0x89 Descriptors.o
 .debug_macro   0x00001359       0xaa Descriptors.o
 .debug_macro   0x00001403     0x20f4 Descriptors.o
 .debug_macro   0x000034f7      0x14f Descriptors.o
 .debug_macro   0x00003646       0xd9 Descriptors.o
 .debug_macro   0x0000371f       0x34 Descriptors.o
 .debug_macro   0x00003753       0x18 Descriptors.o
 .debug_macro   0x0000376b       0x6c Descriptors.o
 .debug_macro   0x000037d7      0x181 Descriptors.o
 .debug_macro   0x00003958       0x12 Descriptors.o
 .debug_macro   0x0000396a       0x10 Descriptors.o
 .debug_macro   0x0000397a       0x22 Descriptors.o
 .debug_macro   0x0000399c       0x16 Descriptors.o
 .debug_macro   0x000039b2       0x20 Descriptors.o
 .debug_macro   0x000039d2       0xef Descriptors.o
 .debug_macro   0x00003ac1       0x22 Descriptors.o
 .debug_macro   0x00003ae3      0x18b Descriptors.o
 .debug_macro   0x00003c6e       0x2f Descriptors.o
 .debug_macro   0x00003c9d       0x1c Descriptors.o
 .debug_macro   0x00003cb9       0x68 Descriptors.o
 .debug_macro   0x00003d21       0x2e Descriptors.o
 .debug_macro   0x00003d4f       0x69 Descriptors.o
 .debug_macro   0x00003db8       0x87 Descriptors.o
 .debug_macro   0x00003e3f       0x35 Descriptors.o
 .debug_macro   0x00003e74      0x10c Descriptors.o
 .debug_macro   0x00003f80      0x160 Descriptors.o
 .debug_macro   0x000040e0      0x167 Descriptors.o
 .debug_macro   0x00004247       0x10 Descriptors.o
 .debug_macro   0x00004257       0x1c Descriptors.o
 .debug_macro   0x00004273       0x86 Descriptors.o
 .debug_macro   0x000042f9       0x3c Descriptors.o
 .debug_macro   0x00004335       0x19 Descriptors.o
 .debug_macro   0x0000434e       0x4d Descriptors.o
 .debug_macro   0x0000439b       0x73 Descriptors.o
 .debug_macro   0x0000440e       0x16 Descriptors.o
 .debug_macro   0x00004424       0x12 Descriptors.o
 .debug_macro   0x00004436       0x22 Descriptors.o
 .debug_macro   0x00004458       0x64 Descriptors.o
 .debug_macro   0x000044bc       0x41 Descriptors.o
 .debug_macro   0x000044fd       0x10 Descriptors.o
 .debug_macro   0x0000450d       0x1c Descriptors.o
 .debug_macro   0x00004529       0x16 Descriptors.o
 .debug_macro   0x0000453f       0x16 Descriptors.o
 .debug_macro   0x00004555      0x12c Descriptors.o
 .debug_macro   0x00004681       0x16 Descriptors.o
 .debug_macro   0x00004697       0x46 Descriptors.o
 .debug_macro   0x000046dd       0x58 Descriptors.o
 .debug_macro   0x00004735       0x10 Descriptors.o
 .debug_macro   0x00004745       0x35 Descriptors.o
 .debug_macro   0x0000477a       0xeb Descriptors.o
 .debug_macro   0x00004865       0x16 Descriptors.o
 .debug_macro   0x0000487b      0x154 Descriptors.o
 .debug_macro   0x000049cf       0x2a Descriptors.o
 .debug_macro   0x000049f9      0x657 Descriptors.o
 .debug_macro   0x00005050       0x16 Descriptors.o
 .debug_macro   0x00005066      0x132 Descriptors.o
 .debug_macro   0x00005198       0x16 Descriptors.o
 .debug_macro   0x000051ae       0x10 Descriptors.o
 .debug_macro   0x000051be       0x6c Descriptors.o
 .debug_macro   0x0000522a       0x16 Descriptors.o
 .debug_macro   0x00005240       0x1c Descriptors.o
 .debug_macro   0x0000525c       0x16 Descriptors.o
 .debug_macro   0x00005272       0x10 Descriptors.o
 .debug_macro   0x00005282      0x1c5 Descriptors.o
 .debug_macro   0x00005447       0x16 Descriptors.o
 .debug_macro   0x0000545d       0x22 Descriptors.o
 .debug_macro   0x0000547f      0x106 src/Lib/LCD/lcd.o
 .debug_macro   0x00005585      0x1ba src/Lib/LCD/lcd.o
 .debug_macro   0x0000573f      0x1c0 src/LUFA/LUFA/Drivers/USB/Class/Common/HIDParser.o
 .debug_macro   0x000058ff       0x97 src/LUFA/LUFA/Drivers/USB/Class/Common/HIDParser.o
 .debug_macro   0x00005996       0x16 src/LUFA/LUFA/Drivers/USB/Class/Common/HIDParser.o
 .debug_macro   0x000059ac       0x36 src/LUFA/LUFA/Drivers/USB/Class/Common/HIDParser.o
 .debug_macro   0x000059e2       0x10 src/LUFA/LUFA/Drivers/USB/Class/Common/HIDParser.o
 .debug_macro   0x000059f2      0x299 src/LUFA/LUFA/Drivers/USB/Class/Common/HIDParser.o
 .debug_macro   0x00005c8b       0x9e src/LUFA/LUFA/Drivers/USB/Class/Common/HIDParser.o
 .debug_macro   0x00005d29      0x175 src/LUFA/LUFA/Drivers/USB/Class/Common/HIDParser.o
 .debug_macro   0x00005e9e       0x1f src/LUFA/LUFA/Drivers/USB/Class/Common/HIDParser.o
 .debug_macro   0x00005ebd      0x43b src/LUFA/LUFA/Drivers/USB/Class/Device/AudioClassDevice.o
 .debug_macro   0x000062f8       0x40 src/LUFA/LUFA/Drivers/USB/Class/Device/AudioClassDevice.o
 .debug_macro   0x00006338      0x132 src/LUFA/LUFA/Drivers/USB/Class/Device/AudioClassDevice.o
 .debug_macro   0x0000646a      0x43b src/LUFA/LUFA/Drivers/USB/Class/Device/CDCClassDevice.o
 .debug_macro   0x000068a5      0x43f src/LUFA/LUFA/Drivers/USB/Class/Device/HIDClassDevice.o
 .debug_macro   0x00006ce4      0x445 src/LUFA/LUFA/Drivers/USB/Class/Device/MassStorageClassDevice.o
 .debug_macro   0x00007129      0x12c src/LUFA/LUFA/Drivers/USB/Class/Device/MassStorageClassDevice.o
 .debug_macro   0x00007255      0x43f src/LUFA/LUFA/Drivers/USB/Class/Device/MIDIClassDevice.o
 .debug_macro   0x00007694      0x445 src/LUFA/LUFA/Drivers/USB/Class/Device/PrinterClassDevice.o
 .debug_macro   0x00007ad9       0x16 src/LUFA/LUFA/Drivers/USB/Class/Device/PrinterClassDevice.o
 .debug_macro   0x00007aef      0x43f src/LUFA/LUFA/Drivers/USB/Class/Device/RNDISClassDevice.o
 .debug_macro   0x00007f2e      0x178 src/LUFA/LUFA/Drivers/USB/Class/Host/AndroidAccessoryClassHost.o
 .debug_macro   0x000080a6      0x178 src/LUFA/LUFA/Drivers/USB/Class/Host/AudioClassHost.o
 .debug_macro   0x0000821e      0x178 src/LUFA/LUFA/Drivers/USB/Class/Host/CDCClassHost.o
 .debug_macro   0x00008396      0x178 src/LUFA/LUFA/Drivers/USB/Class/Host/HIDClassHost.o
 .debug_macro   0x0000850e      0x178 src/LUFA/LUFA/Drivers/USB/Class/Host/MassStorageClassHost.o
 .debug_macro   0x00008686      0x178 src/LUFA/LUFA/Drivers/USB/Class/Host/MIDIClassHost.o
 .debug_macro   0x000087fe      0x178 src/LUFA/LUFA/Drivers/USB/Class/Host/PrinterClassHost.o
 .debug_macro   0x00008976      0x178 src/LUFA/LUFA/Drivers/USB/Class/Host/RNDISClassHost.o
 .debug_macro   0x00008aee      0x178 src/LUFA/LUFA/Drivers/USB/Class/Host/StillImageClassHost.o
 .debug_macro   0x00008c66      0x29d src/LUFA/LUFA/Drivers/USB/Core/AVR8/Device_AVR8.o
 .debug_macro   0x00008f03       0x47 src/LUFA/LUFA/Drivers/USB/Core/AVR8/Device_AVR8.o
 .debug_macro   0x00008f4a      0x60e src/LUFA/LUFA/Drivers/USB/Core/AVR8/EndpointStream_AVR8.o
 .debug_macro   0x00009558       0x28 src/LUFA/LUFA/Drivers/USB/Core/AVR8/EndpointStream_AVR8.o
 .debug_macro   0x00009580       0x1c src/LUFA/LUFA/Drivers/USB/Core/AVR8/EndpointStream_AVR8.o
 .debug_macro   0x0000959c       0x1c src/LUFA/LUFA/Drivers/USB/Core/AVR8/EndpointStream_AVR8.o
 .debug_macro   0x000095b8      0x2a5 src/LUFA/LUFA/Drivers/USB/Core/AVR8/Endpoint_AVR8.o
 .debug_macro   0x0000985d       0x10 src/LUFA/LUFA/Drivers/USB/Core/AVR8/Endpoint_AVR8.o
 .debug_macro   0x0000986d      0x17c src/LUFA/LUFA/Drivers/USB/Core/AVR8/Host_AVR8.o
 .debug_macro   0x000099e9      0x17c src/LUFA/LUFA/Drivers/USB/Core/AVR8/PipeStream_AVR8.o
 .debug_macro   0x00009b65      0x17c src/LUFA/LUFA/Drivers/USB/Core/AVR8/Pipe_AVR8.o
 .debug_macro   0x00009ce1       0x11 src/LUFA/LUFA/Drivers/USB/Core/AVR8/Template/Template_Endpoint_Control_R.o
 .debug_macro   0x00009cf2       0x11 src/LUFA/LUFA/Drivers/USB/Core/AVR8/Template/Template_Endpoint_Control_W.o
 .debug_macro   0x00009d03       0x11 src/LUFA/LUFA/Drivers/USB/Core/AVR8/Template/Template_Endpoint_RW.o
 .debug_macro   0x00009d14       0x11 src/LUFA/LUFA/Drivers/USB/Core/AVR8/Template/Template_Pipe_RW.o
 .debug_macro   0x00009d25      0x277 src/LUFA/LUFA/Drivers/USB/Core/AVR8/USBController_AVR8.o
 .debug_macro   0x00009f9c       0x79 src/LUFA/LUFA/Drivers/USB/Core/AVR8/USBController_AVR8.o
 .debug_macro   0x0000a015      0x27f src/LUFA/LUFA/Drivers/USB/Core/AVR8/USBInterrupt_AVR8.o
 .debug_macro   0x0000a294      0x28e src/LUFA/LUFA/Drivers/USB/Core/ConfigDescriptors.o
 .debug_macro   0x0000a522      0x27d src/LUFA/LUFA/Drivers/USB/Core/DeviceStandardReq.o
 .debug_macro   0x0000a79f      0x182 src/LUFA/LUFA/Drivers/USB/Core/Events.o
 .debug_macro   0x0000a921      0x178 src/LUFA/LUFA/Drivers/USB/Core/HostStandardReq.o
 .debug_macro   0x0000aa99      0x283 src/LUFA/LUFA/Drivers/USB/Core/USBTask.o
 .debug_macro   0x0000ad1c      0x4a6 VirtualSerial.o
 .debug_macro   0x0000b1c2       0x76 VirtualSerial.o
 .debug_macro   0x0000b238       0xab VirtualSerial.o
 .debug_macro   0x0000b2e3       0x12 VirtualSerial.o
 .debug_macro   0x0000b2f5       0x10 VirtualSerial.o
 .debug_macro   0x0000b305       0x34 VirtualSerial.o
 .debug_macro   0x0000b339       0x31 VirtualSerial.o
 .debug_macro   0x0000b36a       0x34 VirtualSerial.o
OUTPUT(Voltmeter V1.elf elf32-avr)
LOAD linker stubs
