Archive member included because of file (symbol)

e:/program files/atmel/atmel toolchain/avr8 gcc/native/3.4.1056/avr8-gnu-toolchain/bin/../lib/gcc/avr/4.8.1/avr5\libgcc.a(_exit.o)
                              e:/program files/atmel/atmel toolchain/avr8 gcc/native/3.4.1056/avr8-gnu-toolchain/bin/../lib/gcc/avr/4.8.1/../../../../avr/lib/avr5/crtm32u4.o (exit)
e:/program files/atmel/atmel toolchain/avr8 gcc/native/3.4.1056/avr8-gnu-toolchain/bin/../lib/gcc/avr/4.8.1/avr5\libgcc.a(_tablejump.o)
                              src/LUFA/LUFA/Drivers/USB/Core/DeviceStandardReq.o (__tablejump2__)
e:/program files/atmel/atmel toolchain/avr8 gcc/native/3.4.1056/avr8-gnu-toolchain/bin/../lib/gcc/avr/4.8.1/avr5\libgcc.a(_copy_data.o)
                              BootloaderCDC.o (__do_copy_data)
e:/program files/atmel/atmel toolchain/avr8 gcc/native/3.4.1056/avr8-gnu-toolchain/bin/../lib/gcc/avr/4.8.1/avr5\libgcc.a(_clear_bss.o)
                              BootloaderCDC.o (__do_clear_bss)
e:/program files/atmel/atmel toolchain/avr8 gcc/native/3.4.1056/avr8-gnu-toolchain/bin/../lib/gcc/avr/4.8.1/../../../../avr/lib/avr5\libc.a(memcpy_P.o)
                              src/LUFA/LUFA/Drivers/USB/Class/Device/RNDISClassDevice.o (memcpy_P)
e:/program files/atmel/atmel toolchain/avr8 gcc/native/3.4.1056/avr8-gnu-toolchain/bin/../lib/gcc/avr/4.8.1/../../../../avr/lib/avr5\libc.a(memcmp.o)
                              src/LUFA/LUFA/Drivers/USB/Class/Device/HIDClassDevice.o (memcmp)
e:/program files/atmel/atmel toolchain/avr8 gcc/native/3.4.1056/avr8-gnu-toolchain/bin/../lib/gcc/avr/4.8.1/../../../../avr/lib/avr5\libc.a(memcpy.o)
                              src/LUFA/LUFA/Drivers/USB/Class/Device/HIDClassDevice.o (memcpy)
e:/program files/atmel/atmel toolchain/avr8 gcc/native/3.4.1056/avr8-gnu-toolchain/bin/../lib/gcc/avr/4.8.1/../../../../avr/lib/avr5\libc.a(memset.o)
                              src/LUFA/LUFA/Drivers/USB/Class/Device/HIDClassDevice.o (memset)
e:/program files/atmel/atmel toolchain/avr8 gcc/native/3.4.1056/avr8-gnu-toolchain/bin/../lib/gcc/avr/4.8.1/../../../../avr/lib/avr5\libc.a(eerd_byte_atmega32u4.o)
                              BootloaderCDC.o (__eerd_byte_m32u4)
e:/program files/atmel/atmel toolchain/avr8 gcc/native/3.4.1056/avr8-gnu-toolchain/bin/../lib/gcc/avr/4.8.1/../../../../avr/lib/avr5\libc.a(eeupd_byte_atmega32u4.o)
                              src/LUFA/LUFA/Drivers/USB/Core/AVR8/EndpointStream_AVR8.o (__eeupd_byte_m32u4)
e:/program files/atmel/atmel toolchain/avr8 gcc/native/3.4.1056/avr8-gnu-toolchain/bin/../lib/gcc/avr/4.8.1/../../../../avr/lib/avr5\libc.a(eewr_byte_atmega32u4.o)
                              BootloaderCDC.o (__eewr_byte_m32u4)

Allocating common symbols
Common symbol       size              file

USB_IsInitialized   0x1               src/LUFA/LUFA/Drivers/USB/Core/USBTask.o
USB_Device_ConfigurationNumber
                    0x1               src/LUFA/LUFA/Drivers/USB/Core/DeviceStandardReq.o
USB_ControlRequest  0x8               src/LUFA/LUFA/Drivers/USB/Core/USBTask.o

Discarded input sections

 .bss           0x00000000        0x0 e:/program files/atmel/atmel toolchain/avr8 gcc/native/3.4.1056/avr8-gnu-toolchain/bin/../lib/gcc/avr/4.8.1/../../../../avr/lib/avr5/crtm32u4.o
 .group         0x00000000        0x8 BootloaderCDC.o
 .group         0x00000000        0x8 BootloaderCDC.o
 .group         0x00000000        0x8 BootloaderCDC.o
 .group         0x00000000        0x8 BootloaderCDC.o
 .group         0x00000000        0x8 BootloaderCDC.o
 .group         0x00000000        0x8 BootloaderCDC.o
 .group         0x00000000        0x8 BootloaderCDC.o
 .group         0x00000000        0x8 BootloaderCDC.o
 .group         0x00000000        0x8 BootloaderCDC.o
 .group         0x00000000        0x8 BootloaderCDC.o
 .group         0x00000000        0x8 BootloaderCDC.o
 .group         0x00000000        0x8 BootloaderCDC.o
 .group         0x00000000        0x8 BootloaderCDC.o
 .group         0x00000000        0x8 BootloaderCDC.o
 .group         0x00000000        0x8 BootloaderCDC.o
 .group         0x00000000        0x8 BootloaderCDC.o
 .group         0x00000000        0x8 BootloaderCDC.o
 .group         0x00000000        0x8 BootloaderCDC.o
 .group         0x00000000        0x8 BootloaderCDC.o
 .group         0x00000000        0x8 BootloaderCDC.o
 .group         0x00000000        0x8 BootloaderCDC.o
 .group         0x00000000        0x8 BootloaderCDC.o
 .group         0x00000000        0x8 BootloaderCDC.o
 .group         0x00000000        0x8 BootloaderCDC.o
 .group         0x00000000        0x8 BootloaderCDC.o
 .group         0x00000000        0x8 BootloaderCDC.o
 .group         0x00000000        0x8 BootloaderCDC.o
 .group         0x00000000        0x8 BootloaderCDC.o
 .group         0x00000000        0x8 BootloaderCDC.o
 .group         0x00000000        0x8 BootloaderCDC.o
 .group         0x00000000        0x8 BootloaderCDC.o
 .group         0x00000000        0x8 BootloaderCDC.o
[...]
Memory Configuration

Name             Origin             Length             Attributes
text             0x00000000         0x00020000         xr
data             0x00800060         0x0000ffa0         rw !x
eeprom           0x00810000         0x00010000         rw !x
fuse             0x00820000         0x00000400         rw !x
lock             0x00830000         0x00000400         rw !x
signature        0x00840000         0x00000400         rw !x
user_signatures  0x00850000         0x00000400         rw !x
*default*        0x00000000         0xffffffff

Linker script and memory map

Address of section .data set to 0x800100
LOAD e:/program files/atmel/atmel toolchain/avr8 gcc/native/3.4.1056/avr8-gnu-toolchain/bin/../lib/gcc/avr/4.8.1/../../../../avr/lib/avr5/crtm32u4.o
LOAD BootloaderCDC.o
LOAD Descriptors.o
LOAD src/LUFA/LUFA/Drivers/USB/Class/Common/HIDParser.o
LOAD src/LUFA/LUFA/Drivers/USB/Class/Device/AudioClassDevice.o
LOAD src/LUFA/LUFA/Drivers/USB/Class/Device/CDCClassDevice.o
LOAD src/LUFA/LUFA/Drivers/USB/Class/Device/HIDClassDevice.o
LOAD src/LUFA/LUFA/Drivers/USB/Class/Device/MassStorageClassDevice.o
LOAD src/LUFA/LUFA/Drivers/USB/Class/Device/MIDIClassDevice.o
LOAD src/LUFA/LUFA/Drivers/USB/Class/Device/PrinterClassDevice.o
LOAD src/LUFA/LUFA/Drivers/USB/Class/Device/RNDISClassDevice.o
LOAD src/LUFA/LUFA/Drivers/USB/Class/Host/AndroidAccessoryClassHost.o
LOAD src/LUFA/LUFA/Drivers/USB/Class/Host/AudioClassHost.o
LOAD src/LUFA/LUFA/Drivers/USB/Class/Host/CDCClassHost.o
LOAD src/LUFA/LUFA/Drivers/USB/Class/Host/HIDClassHost.o
LOAD src/LUFA/LUFA/Drivers/USB/Class/Host/MassStorageClassHost.o
LOAD src/LUFA/LUFA/Drivers/USB/Class/Host/MIDIClassHost.o
LOAD src/LUFA/LUFA/Drivers/USB/Class/Host/PrinterClassHost.o
LOAD src/LUFA/LUFA/Drivers/USB/Class/Host/RNDISClassHost.o
LOAD src/LUFA/LUFA/Drivers/USB/Class/Host/StillImageClassHost.o
LOAD src/LUFA/LUFA/Drivers/USB/Core/AVR8/Device_AVR8.o
LOAD src/LUFA/LUFA/Drivers/USB/Core/AVR8/EndpointStream_AVR8.o
LOAD src/LUFA/LUFA/Drivers/USB/Core/AVR8/Endpoint_AVR8.o
LOAD src/LUFA/LUFA/Drivers/USB/Core/AVR8/Host_AVR8.o
LOAD src/LUFA/LUFA/Drivers/USB/Core/AVR8/PipeStream_AVR8.o
LOAD src/LUFA/LUFA/Drivers/USB/Core/AVR8/Pipe_AVR8.o
LOAD src/LUFA/LUFA/Drivers/USB/Core/AVR8/Template/Template_Endpoint_Control_R.o
LOAD src/LUFA/LUFA/Drivers/USB/Core/AVR8/Template/Template_Endpoint_Control_W.o
LOAD src/LUFA/LUFA/Drivers/USB/Core/AVR8/Template/Template_Endpoint_RW.o
LOAD src/LUFA/LUFA/Drivers/USB/Core/AVR8/Template/Template_Pipe_RW.o
LOAD src/LUFA/LUFA/Drivers/USB/Core/AVR8/USBController_AVR8.o
LOAD src/LUFA/LUFA/Drivers/USB/Core/AVR8/USBInterrupt_AVR8.o
LOAD src/LUFA/LUFA/Drivers/USB/Core/ConfigDescriptors.o
LOAD src/LUFA/LUFA/Drivers/USB/Core/DeviceStandardReq.o
LOAD src/LUFA/LUFA/Drivers/USB/Core/Events.o
LOAD src/LUFA/LUFA/Drivers/USB/Core/HostStandardReq.o
LOAD src/LUFA/LUFA/Drivers/USB/Core/USBTask.o
START GROUP
LOAD e:/program files/atmel/atmel toolchain/avr8 gcc/native/3.4.1056/avr8-gnu-toolchain/bin/../lib/gcc/avr/4.8.1/../../../../avr/lib/avr5\libm.a
END GROUP
Address of section .apitable_jumptable set to 0x7fe0
Address of section .apitable_signatures set to 0x7ff8
Address of section .apitable_trampolines set to 0x7fa0
Address of section .text set to 0x7000
START GROUP
LOAD e:/program files/atmel/atmel toolchain/avr8 gcc/native/3.4.1056/avr8-gnu-toolchain/bin/../lib/gcc/avr/4.8.1/avr5\libgcc.a
LOAD e:/program files/atmel/atmel toolchain/avr8 gcc/native/3.4.1056/avr8-gnu-toolchain/bin/../lib/gcc/avr/4.8.1/../../../../avr/lib/avr5\libm.a
LOAD e:/program files/atmel/atmel toolchain/avr8 gcc/native/3.4.1056/avr8-gnu-toolchain/bin/../lib/gcc/avr/4.8.1/../../../../avr/lib/avr5\libc.a
END GROUP

.hash
 *(.hash)

.dynsym
 *(.dynsym)

.dynstr
 *(.dynstr)

.gnu.version
 *(.gnu.version)

.gnu.version_d
 *(.gnu.version_d)

.gnu.version_r
 *(.gnu.version_r)

.rel.init
 *(.rel.init)

.rela.init
 *(.rela.init)

.rel.text
 *(.rel.text)
 *(.rel.text.*)
 *(.rel.gnu.linkonce.t*)

.rela.text
 *(.rela.text)
 *(.rela.text.*)
 *(.rela.gnu.linkonce.t*)

.rel.fini
 *(.rel.fini)

.rela.fini
 *(.rela.fini)

.rel.rodata
 *(.rel.rodata)
 *(.rel.rodata.*)
 *(.rel.gnu.linkonce.r*)

.rela.rodata
 *(.rela.rodata)
 *(.rela.rodata.*)
 *(.rela.gnu.linkonce.r*)

.rel.data
 *(.rel.data)
 *(.rel.data.*)
 *(.rel.gnu.linkonce.d*)

.rela.data
 *(.rela.data)
 *(.rela.data.*)
 *(.rela.gnu.linkonce.d*)

.rel.ctors
 *(.rel.ctors)

.rela.ctors
 *(.rela.ctors)

.rel.dtors
 *(.rel.dtors)

.rela.dtors
 *(.rela.dtors)

.rel.got
 *(.rel.got)

.rela.got
 *(.rela.got)

.rel.bss
 *(.rel.bss)

.rela.bss
 *(.rela.bss)

.rel.plt
 *(.rel.plt)

.rela.plt
 *(.rela.plt)

.text           0x00007000      0xeba
 *(.vectors)
 .vectors       0x00007000       0xac e:/program files/atmel/atmel toolchain/avr8 gcc/native/3.4.1056/avr8-gnu-toolchain/bin/../lib/gcc/avr/4.8.1/../../../../avr/lib/avr5/crtm32u4.o
                0x00007000                __vector_default
                0x00007000                __vectors
 *(.vectors)
 *(.progmem.gcc*)
 .progmem.gcc_sw_table.USB_Device_ProcessControlRequest
                0x000070ac       0x14 src/LUFA/LUFA/Drivers/USB/Core/DeviceStandardReq.o
                0x000070c0                . = ALIGN (0x2)
                0x000070c0                __trampolines_start = .
 *(.trampolines)
 .trampolines   0x000070c0        0x0 linker stubs
 *(.trampolines*)
                0x000070c0                __trampolines_end = .
 *(.progmem*)
                0x000070c0                . = ALIGN (0x2)
 *(.jumptables)
 *(.jumptables*)
 *(.lowtext)
 *(.lowtext*)
                0x000070c0                __ctors_start = .
 *(.ctors)
                0x000070c0                __ctors_end = .
                0x000070c0                __dtors_start = .
 *(.dtors)
                0x000070c0                __dtors_end = .
 SORT(*)(.ctors)
 SORT(*)(.dtors)
 *(.init0)
 .init0         0x000070c0        0x0 e:/program files/atmel/atmel toolchain/avr8 gcc/native/3.4.1056/avr8-gnu-toolchain/bin/../lib/gcc/avr/4.8.1/../../../../avr/lib/avr5/crtm32u4.o
                0x000070c0                __init
 *(.init0)
 *(.init1)
 *(.init1)
 *(.init2)
 .init2         0x000070c0        0xc e:/program files/atmel/atmel toolchain/avr8 gcc/native/3.4.1056/avr8-gnu-toolchain/bin/../lib/gcc/avr/4.8.1/../../../../avr/lib/avr5/crtm32u4.o
 *(.init2)
 *(.init3)
 .init3         0x000070cc       0x38 BootloaderCDC.o
                0x000070cc                Application_Jump_Check
 *(.init3)
 *(.init4)
 .init4         0x00007104       0x16 e:/program files/atmel/atmel toolchain/avr8 gcc/native/3.4.1056/avr8-gnu-toolchain/bin/../lib/gcc/avr/4.8.1/avr5\libgcc.a(_copy_data.o)
                0x00007104                __do_copy_data
 .init4         0x0000711a       0x10 e:/program files/atmel/atmel toolchain/avr8 gcc/native/3.4.1056/avr8-gnu-toolchain/bin/../lib/gcc/avr/4.8.1/avr5\libgcc.a(_clear_bss.o)
                0x0000711a                __do_clear_bss
 *(.init4)
 *(.init5)
 *(.init5)
 *(.init6)
 *(.init6)
 *(.init7)
 *(.init7)
 *(.init8)
 *(.init8)
 *(.init9)
 .init9         0x0000712a        0x8 e:/program files/atmel/atmel toolchain/avr8 gcc/native/3.4.1056/avr8-gnu-toolchain/bin/../lib/gcc/avr/4.8.1/../../../../avr/lib/avr5/crtm32u4.o
 *(.init9)
 *(.text)
 .text          0x00007132        0x4 e:/program files/atmel/atmel toolchain/avr8 gcc/native/3.4.1056/avr8-gnu-toolchain/bin/../lib/gcc/avr/4.8.1/../../../../avr/lib/avr5/crtm32u4.o
                0x00007132                __vector_38
                0x00007132                __vector_22
                0x00007132                __vector_28
                0x00007132                __vector_1
                0x00007132                __vector_32
                0x00007132                __vector_34
                0x00007132                __vector_24
                0x00007132                __vector_12
                0x00007132                __bad_interrupt
                0x00007132                __vector_6
                0x00007132                __vector_31
                0x00007132                __vector_35
                0x00007132                __vector_39
                0x00007132                __vector_3
                0x00007132                __vector_23
                0x00007132                __vector_30
                0x00007132                __vector_25
                0x00007132                __vector_11
                0x00007132                __vector_13
                0x00007132                __vector_19
                0x00007132                __vector_7
                0x00007132                __vector_41
                0x00007132                __vector_27
                0x00007132                __vector_5
                0x00007132                __vector_33
                0x00007132                __vector_37
                0x00007132                __vector_4
                0x00007132                __vector_9
                0x00007132                __vector_2
                0x00007132                __vector_21
                0x00007132                __vector_15
                0x00007132                __vector_36
                0x00007132                __vector_29
                0x00007132                __vector_40
                0x00007132                __vector_8
                0x00007132                __vector_26
                0x00007132                __vector_14
                0x00007132                __vector_16
                0x00007132                __vector_18
                0x00007132                __vector_20
                0x00007132                __vector_42
                0x00007136                . = ALIGN (0x2)
 *(.text.*)
 .text.FetchNextCommandByte
                0x00007136       0x30 BootloaderCDC.o
 .text.WriteNextResponseByte
                0x00007166       0x2e BootloaderCDC.o
 .text.startup.main
                0x00007194      0x592 BootloaderCDC.o
                0x00007194                main
 .text.__vector_17
                0x00007726       0x54 BootloaderCDC.o
                0x00007726                __vector_17
 .text.EVENT_USB_Device_ConfigurationChanged
                0x0000777a       0x1e BootloaderCDC.o
                0x0000777a                EVENT_USB_Device_ConfigurationChanged
 .text.EVENT_USB_Device_ControlRequest
                0x00007798       0x8c BootloaderCDC.o
                0x00007798                EVENT_USB_Device_ControlRequest
 .text.CALLBACK_USB_GetDescriptor
                0x00007824       0x66 Descriptors.o
                0x00007824                CALLBACK_USB_GetDescriptor
 .text.Endpoint_Write_Control_Stream_LE
                0x0000788a       0xb2 src/LUFA/LUFA/Drivers/USB/Core/AVR8/EndpointStream_AVR8.o
                0x0000788a                Endpoint_Write_Control_Stream_LE
 .text.Endpoint_Read_Control_Stream_LE
                0x0000793c       0x7c src/LUFA/LUFA/Drivers/USB/Core/AVR8/EndpointStream_AVR8.o
                0x0000793c                Endpoint_Read_Control_Stream_LE
 .text.Endpoint_ConfigureEndpoint_Prv
                0x000079b8       0x28 src/LUFA/LUFA/Drivers/USB/Core/AVR8/Endpoint_AVR8.o
                0x000079b8                Endpoint_ConfigureEndpoint_Prv
 .text.Endpoint_ClearStatusStage
                0x000079e0       0x3e src/LUFA/LUFA/Drivers/USB/Core/AVR8/Endpoint_AVR8.o
                0x000079e0                Endpoint_ClearStatusStage
 .text.USB_ResetInterface
                0x00007a1e       0x7c src/LUFA/LUFA/Drivers/USB/Core/AVR8/USBController_AVR8.o
                0x00007a1e                USB_ResetInterface
 .text.USB_Init
                0x00007a9a       0x22 src/LUFA/LUFA/Drivers/USB/Core/AVR8/USBController_AVR8.o
                0x00007a9a                USB_Init
 .text.USB_INT_DisableAllInterrupts
                0x00007abc       0x10 src/LUFA/LUFA/Drivers/USB/Core/AVR8/USBInterrupt_AVR8.o
                0x00007abc                USB_INT_DisableAllInterrupts
 .text.USB_INT_ClearAllInterrupts
                0x00007acc        0xa src/LUFA/LUFA/Drivers/USB/Core/AVR8/USBInterrupt_AVR8.o
                0x00007acc                USB_INT_ClearAllInterrupts
 .text.__vector_10
                0x00007ad6      0x172 src/LUFA/LUFA/Drivers/USB/Core/AVR8/USBInterrupt_AVR8.o
                0x00007ad6                __vector_10
 .text.USB_Device_ProcessControlRequest
                0x00007c48      0x1fc src/LUFA/LUFA/Drivers/USB/Core/DeviceStandardReq.o
                0x00007c48                USB_Device_ProcessControlRequest
 .text.USB_Event_Stub
                0x00007e44        0x2 src/LUFA/LUFA/Drivers/USB/Core/Events.o
                0x00007e44                EVENT_USB_Device_WakeUp
                0x00007e44                USB_Event_Stub
                0x00007e44                EVENT_USB_Device_Suspend
                0x00007e44                EVENT_USB_Device_StartOfFrame
                0x00007e44                EVENT_USB_Device_Disconnect
                0x00007e44                EVENT_USB_Device_Reset
                0x00007e44                EVENT_USB_Device_Connect
 .text.USB_USBTask
                0x00007e46       0x38 src/LUFA/LUFA/Drivers/USB/Core/USBTask.o
                0x00007e46                USB_USBTask
 .text.libgcc   0x00007e7e        0xc e:/program files/atmel/atmel toolchain/avr8 gcc/native/3.4.1056/avr8-gnu-toolchain/bin/../lib/gcc/avr/4.8.1/avr5\libgcc.a(_tablejump.o)
                0x00007e7e                __tablejump2__
                0x00007e82                __tablejump__
 .text.avr-libc
                0x00007e8a       0x10 e:/program files/atmel/atmel toolchain/avr8 gcc/native/3.4.1056/avr8-gnu-toolchain/bin/../lib/gcc/avr/4.8.1/../../../../avr/lib/avr5\libc.a(eerd_byte_atmega32u4.o)
                0x00007e8a                __eerd_byte_m32u4
 .text.avr-libc
                0x00007e9a       0x1c e:/program files/atmel/atmel toolchain/avr8 gcc/native/3.4.1056/avr8-gnu-toolchain/bin/../lib/gcc/avr/4.8.1/../../../../avr/lib/avr5\libc.a(eewr_byte_atmega32u4.o)
                0x00007e9a                __eewr_byte_m32u4
                0x00007e9c                __eewr_r18_m32u4
                0x00007eb6                . = ALIGN (0x2)
 *(.fini9)
 .fini9         0x00007eb6        0x0 e:/program files/atmel/atmel toolchain/avr8 gcc/native/3.4.1056/avr8-gnu-toolchain/bin/../lib/gcc/avr/4.8.1/avr5\libgcc.a(_exit.o)
                0x00007eb6                _exit
                0x00007eb6                exit
 *(.fini9)
 *(.fini8)
 *(.fini8)
 *(.fini7)
 *(.fini7)
 *(.fini6)
 *(.fini6)
 *(.fini5)
 *(.fini5)
 *(.fini4)
 *(.fini4)
 *(.fini3)
 *(.fini3)
 *(.fini2)
 *(.fini2)
 *(.fini1)
 *(.fini1)
 *(.fini0)
 .fini0         0x00007eb6        0x4 e:/program files/atmel/atmel toolchain/avr8 gcc/native/3.4.1056/avr8-gnu-toolchain/bin/../lib/gcc/avr/4.8.1/avr5\libgcc.a(_exit.o)
 *(.fini0)
                0x00007eba                _etext = .

.data           0x00800100       0x92 load address 0x00007eba
                0x00800100                PROVIDE (__data_start, .)
 *(.data)
 .data          0x00800100        0x0 e:/program files/atmel/atmel toolchain/avr8 gcc/native/3.4.1056/avr8-gnu-toolchain/bin/../lib/gcc/avr/4.8.1/../../../../avr/lib/avr5/crtm32u4.o
 .data          0x00800100        0x0 BootloaderCDC.o
 .data          0x00800100        0x0 Descriptors.o
 .data          0x00800100        0x0 src/LUFA/LUFA/Drivers/USB/Class/Common/HIDParser.o
 .data          0x00800100        0x0 src/LUFA/LUFA/Drivers/USB/Class/Device/AudioClassDevice.o
 .data          0x00800100        0x0 src/LUFA/LUFA/Drivers/USB/Class/Device/CDCClassDevice.o
 .data          0x00800100        0x0 src/LUFA/LUFA/Drivers/USB/Class/Device/HIDClassDevice.o
 .data          0x00800100        0x0 src/LUFA/LUFA/Drivers/USB/Class/Device/MassStorageClassDevice.o
 .data          0x00800100        0x0 src/LUFA/LUFA/Drivers/USB/Class/Device/MIDIClassDevice.o
 .data          0x00800100        0x0 src/LUFA/LUFA/Drivers/USB/Class/Device/PrinterClassDevice.o
 .data          0x00800100        0x0 src/LUFA/LUFA/Drivers/USB/Class/Device/RNDISClassDevice.o
 .data          0x00800100        0x0 src/LUFA/LUFA/Drivers/USB/Class/Host/AndroidAccessoryClassHost.o
 .data          0x00800100        0x0 src/LUFA/LUFA/Drivers/USB/Class/Host/AudioClassHost.o
 .data          0x00800100        0x0 src/LUFA/LUFA/Drivers/USB/Class/Host/CDCClassHost.o
 .data          0x00800100        0x0 src/LUFA/LUFA/Drivers/USB/Class/Host/HIDClassHost.o
 .data          0x00800100        0x0 src/LUFA/LUFA/Drivers/USB/Class/Host/MassStorageClassHost.o
 .data          0x00800100        0x0 src/LUFA/LUFA/Drivers/USB/Class/Host/MIDIClassHost.o
 .data          0x00800100        0x0 src/LUFA/LUFA/Drivers/USB/Class/Host/PrinterClassHost.o
 .data          0x00800100        0x0 src/LUFA/LUFA/Drivers/USB/Class/Host/RNDISClassHost.o
 .data          0x00800100        0x0 src/LUFA/LUFA/Drivers/USB/Class/Host/StillImageClassHost.o
 .data          0x00800100        0x0 src/LUFA/LUFA/Drivers/USB/Core/AVR8/Device_AVR8.o
 .data          0x00800100        0x0 src/LUFA/LUFA/Drivers/USB/Core/AVR8/EndpointStream_AVR8.o
 .data          0x00800100        0x0 src/LUFA/LUFA/Drivers/USB/Core/AVR8/Endpoint_AVR8.o
 .data          0x00800100        0x0 src/LUFA/LUFA/Drivers/USB/Core/AVR8/Host_AVR8.o
 .data          0x00800100        0x0 src/LUFA/LUFA/Drivers/USB/Core/AVR8/PipeStream_AVR8.o
 .data          0x00800100        0x0 src/LUFA/LUFA/Drivers/USB/Core/AVR8/Pipe_AVR8.o
 .data          0x00800100        0x0 src/LUFA/LUFA/Drivers/USB/Core/AVR8/Template/Template_Endpoint_Control_R.o
 .data          0x00800100        0x0 src/LUFA/LUFA/Drivers/USB/Core/AVR8/Template/Template_Endpoint_Control_W.o
 .data          0x00800100        0x0 src/LUFA/LUFA/Drivers/USB/Core/AVR8/Template/Template_Endpoint_RW.o
 .data          0x00800100        0x0 src/LUFA/LUFA/Drivers/USB/Core/AVR8/Template/Template_Pipe_RW.o
 .data          0x00800100        0x0 src/LUFA/LUFA/Drivers/USB/Core/AVR8/USBController_AVR8.o
 .data          0x00800100        0x0 src/LUFA/LUFA/Drivers/USB/Core/AVR8/USBInterrupt_AVR8.o
 .data          0x00800100        0x0 src/LUFA/LUFA/Drivers/USB/Core/ConfigDescriptors.o
 .data          0x00800100        0x0 src/LUFA/LUFA/Drivers/USB/Core/DeviceStandardReq.o
 .data          0x00800100        0x0 src/LUFA/LUFA/Drivers/USB/Core/Events.o
 .data          0x00800100        0x0 src/LUFA/LUFA/Drivers/USB/Core/HostStandardReq.o
 .data          0x00800100        0x0 src/LUFA/LUFA/Drivers/USB/Core/USBTask.o
 .data          0x00800100        0x0 e:/program files/atmel/atmel toolchain/avr8 gcc/native/3.4.1056/avr8-gnu-toolchain/bin/../lib/gcc/avr/4.8.1/avr5\libgcc.a(_exit.o)
 .data          0x00800100        0x0 e:/program files/atmel/atmel toolchain/avr8 gcc/native/3.4.1056/avr8-gnu-toolchain/bin/../lib/gcc/avr/4.8.1/avr5\libgcc.a(_tablejump.o)
 .data          0x00800100        0x0 e:/program files/atmel/atmel toolchain/avr8 gcc/native/3.4.1056/avr8-gnu-toolchain/bin/../lib/gcc/avr/4.8.1/avr5\libgcc.a(_copy_data.o)
 .data          0x00800100        0x0 e:/program files/atmel/atmel toolchain/avr8 gcc/native/3.4.1056/avr8-gnu-toolchain/bin/../lib/gcc/avr/4.8.1/avr5\libgcc.a(_clear_bss.o)
 .data          0x00800100        0x0 e:/program files/atmel/atmel toolchain/avr8 gcc/native/3.4.1056/avr8-gnu-toolchain/bin/../lib/gcc/avr/4.8.1/../../../../avr/lib/avr5\libc.a(memcpy_P.o)
 .data          0x00800100        0x0 e:/program files/atmel/atmel toolchain/avr8 gcc/native/3.4.1056/avr8-gnu-toolchain/bin/../lib/gcc/avr/4.8.1/../../../../avr/lib/avr5\libc.a(memcmp.o)
 .data          0x00800100        0x0 e:/program files/atmel/atmel toolchain/avr8 gcc/native/3.4.1056/avr8-gnu-toolchain/bin/../lib/gcc/avr/4.8.1/../../../../avr/lib/avr5\libc.a(memcpy.o)
 .data          0x00800100        0x0 e:/program files/atmel/atmel toolchain/avr8 gcc/native/3.4.1056/avr8-gnu-toolchain/bin/../lib/gcc/avr/4.8.1/../../../../avr/lib/avr5\libc.a(memset.o)
 .data          0x00800100        0x0 e:/program files/atmel/atmel toolchain/avr8 gcc/native/3.4.1056/avr8-gnu-toolchain/bin/../lib/gcc/avr/4.8.1/../../../../avr/lib/avr5\libc.a(eerd_byte_atmega32u4.o)
 .data          0x00800100        0x0 e:/program files/atmel/atmel toolchain/avr8 gcc/native/3.4.1056/avr8-gnu-toolchain/bin/../lib/gcc/avr/4.8.1/../../../../avr/lib/avr5\libc.a(eeupd_byte_atmega32u4.o)
 .data          0x00800100        0x0 e:/program files/atmel/atmel toolchain/avr8 gcc/native/3.4.1056/avr8-gnu-toolchain/bin/../lib/gcc/avr/4.8.1/../../../../avr/lib/avr5\libc.a(eewr_byte_atmega32u4.o)
 *(.data*)
 .data.RunBootloader
                0x00800100        0x1 BootloaderCDC.o
 .data.LineEncoding
                0x00800101        0x7 BootloaderCDC.o
 *(.rodata)
 *(.rodata*)
 .rodata.str1.1
                0x00800108        0x8 BootloaderCDC.o
 .rodata.ProductString
                0x00800110       0x14 Descriptors.o
                0x00800110                ProductString
 .rodata.ManufacturerString
                0x00800124       0x1a Descriptors.o
                0x00800124                ManufacturerString
 .rodata.LanguageString
                0x0080013e        0x4 Descriptors.o
                0x0080013e                LanguageString
 .rodata.ConfigurationDescriptor
                0x00800142       0x3e Descriptors.o
                0x00800142                ConfigurationDescriptor
 .rodata.DeviceDescriptor
                0x00800180       0x12 Descriptors.o
                0x00800180                DeviceDescriptor
 *(.gnu.linkonce.d*)
                0x00800192                . = ALIGN (0x2)
                0x00800192                _edata = .
                0x00800192                PROVIDE (__data_end, .)

.bss            0x00800192       0x10
                0x00800192                PROVIDE (__bss_start, .)
 *(.bss)
 *(.bss*)
 .bss.Timeout   0x00800192        0x2 BootloaderCDC.o
                0x00800192                Timeout
 .bss.CurrAddress
                0x00800194        0x4 BootloaderCDC.o
 *(COMMON)
 COMMON         0x00800198        0x1 src/LUFA/LUFA/Drivers/USB/Core/DeviceStandardReq.o
                0x00800198                USB_Device_ConfigurationNumber
 COMMON         0x00800199        0x9 src/LUFA/LUFA/Drivers/USB/Core/USBTask.o
                0x00800199                USB_IsInitialized
                0x0080019a                USB_ControlRequest
                0x008001a2                PROVIDE (__bss_end, .)
                0x00007eba                __data_load_start = LOADADDR (.data)
                0x00007f4c                __data_load_end = (__data_load_start + SIZEOF (.data))

.noinit         0x008001a2        0x2
                0x008001a2                PROVIDE (__noinit_start, .)
 *(.noinit*)
 .noinit        0x008001a2        0x2 BootloaderCDC.o
                0x008001a2                MagicBootKey
                0x008001a4                PROVIDE (__noinit_end, .)
                0x008001a4                _end = .
                0x008001a4                PROVIDE (__heap_start, .)

.eeprom         0x00810000        0x0
 *(.eeprom*)
                0x00810000                __eeprom_end = .

.fuse
 *(.fuse)
 *(.lfuse)
 *(.hfuse)
 *(.efuse)

.lock
 *(.lock*)

.signature
 *(.signature*)

.user_signatures
 *(.user_signatures*)

.stab
 *(.stab)

.stabstr
 *(.stabstr)

.stab.excl
 *(.stab.excl)

.stab.exclstr
 *(.stab.exclstr)

.stab.index
 *(.stab.index)

.stab.indexstr
 *(.stab.indexstr)

.comment        0x00000000       0x30
 *(.comment)
 .comment       0x00000000       0x30 BootloaderCDC.o
                                 0x31 (size before relaxing)
 .comment       0x00000000       0x31 Descriptors.o
 .comment       0x00000000       0x31 src/LUFA/LUFA/Drivers/USB/Class/Common/HIDParser.o
 .comment       0x00000000       0x31 src/LUFA/LUFA/Drivers/USB/Class/Device/AudioClassDevice.o
 .comment       0x00000000       0x31 src/LUFA/LUFA/Drivers/USB/Class/Device/CDCClassDevice.o
 .comment       0x00000000       0x31 src/LUFA/LUFA/Drivers/USB/Class/Device/HIDClassDevice.o
 .comment       0x00000000       0x31 src/LUFA/LUFA/Drivers/USB/Class/Device/MassStorageClassDevice.o
 .comment       0x00000000       0x31 src/LUFA/LUFA/Drivers/USB/Class/Device/MIDIClassDevice.o
 .comment       0x00000000       0x31 src/LUFA/LUFA/Drivers/USB/Class/Device/PrinterClassDevice.o
 .comment       0x00000000       0x31 src/LUFA/LUFA/Drivers/USB/Class/Device/RNDISClassDevice.o
 .comment       0x00000000       0x31 src/LUFA/LUFA/Drivers/USB/Class/Host/AndroidAccessoryClassHost.o
 .comment       0x00000000       0x31 src/LUFA/LUFA/Drivers/USB/Class/Host/AudioClassHost.o
 .comment       0x00000000       0x31 src/LUFA/LUFA/Drivers/USB/Class/Host/CDCClassHost.o
 .comment       0x00000000       0x31 src/LUFA/LUFA/Drivers/USB/Class/Host/HIDClassHost.o
 .comment       0x00000000       0x31 src/LUFA/LUFA/Drivers/USB/Class/Host/MassStorageClassHost.o
 .comment       0x00000000       0x31 src/LUFA/LUFA/Drivers/USB/Class/Host/MIDIClassHost.o
 .comment       0x00000000       0x31 src/LUFA/LUFA/Drivers/USB/Class/Host/PrinterClassHost.o
 .comment       0x00000000       0x31 src/LUFA/LUFA/Drivers/USB/Class/Host/RNDISClassHost.o
 .comment       0x00000000       0x31 src/LUFA/LUFA/Drivers/USB/Class/Host/StillImageClassHost.o
 .comment       0x00000000       0x31 src/LUFA/LUFA/Drivers/USB/Core/AVR8/Device_AVR8.o
 .comment       0x00000000       0x31 src/LUFA/LUFA/Drivers/USB/Core/AVR8/EndpointStream_AVR8.o
 .comment       0x00000000       0x31 src/LUFA/LUFA/Drivers/USB/Core/AVR8/Endpoint_AVR8.o
 .comment       0x00000000       0x31 src/LUFA/LUFA/Drivers/USB/Core/AVR8/Host_AVR8.o
 .comment       0x00000000       0x31 src/LUFA/LUFA/Drivers/USB/Core/AVR8/PipeStream_AVR8.o
 .comment       0x00000000       0x31 src/LUFA/LUFA/Drivers/USB/Core/AVR8/Pipe_AVR8.o
 .comment       0x00000000       0x31 src/LUFA/LUFA/Drivers/USB/Core/AVR8/Template/Template_Endpoint_Control_R.o
 .comment       0x00000000       0x31 src/LUFA/LUFA/Drivers/USB/Core/AVR8/Template/Template_Endpoint_Control_W.o
 .comment       0x00000000       0x31 src/LUFA/LUFA/Drivers/USB/Core/AVR8/Template/Template_Endpoint_RW.o
 .comment       0x00000000       0x31 src/LUFA/LUFA/Drivers/USB/Core/AVR8/Template/Template_Pipe_RW.o
 .comment       0x00000000       0x31 src/LUFA/LUFA/Drivers/USB/Core/AVR8/USBController_AVR8.o
 .comment       0x00000000       0x31 src/LUFA/LUFA/Drivers/USB/Core/AVR8/USBInterrupt_AVR8.o
 .comment       0x00000000       0x31 src/LUFA/LUFA/Drivers/USB/Core/ConfigDescriptors.o
 .comment       0x00000000       0x31 src/LUFA/LUFA/Drivers/USB/Core/DeviceStandardReq.o
 .comment       0x00000000       0x31 src/LUFA/LUFA/Drivers/USB/Core/Events.o
 .comment       0x00000000       0x31 src/LUFA/LUFA/Drivers/USB/Core/HostStandardReq.o
 .comment       0x00000000       0x31 src/LUFA/LUFA/Drivers/USB/Core/USBTask.o

.note.gnu.build-id
 *(.note.gnu.build-id)

.debug
 *(.debug)

.line
 *(.line)

.debug_srcinfo
 *(.debug_srcinfo)

.debug_sfnames
 *(.debug_sfnames)

.debug_aranges  0x00000000      0x6b0
 *(.debug_aranges)
 .debug_aranges
                0x00000000       0x58 BootloaderCDC.o
 .debug_aranges
                0x00000058       0x20 Descriptors.o
 .debug_aranges
                0x00000078       0x38 src/LUFA/LUFA/Drivers/USB/Class/Common/HIDParser.o
 .debug_aranges
                0x000000b0       0x30 src/LUFA/LUFA/Drivers/USB/Class/Device/AudioClassDevice.o
 .debug_aranges
                0x000000e0       0x98 src/LUFA/LUFA/Drivers/USB/Class/Device/CDCClassDevice.o
 .debug_aranges
                0x00000178       0x30 src/LUFA/LUFA/Drivers/USB/Class/Device/HIDClassDevice.o
 .debug_aranges
                0x000001a8       0x30 src/LUFA/LUFA/Drivers/USB/Class/Device/MassStorageClassDevice.o
 .debug_aranges
                0x000001d8       0x40 src/LUFA/LUFA/Drivers/USB/Class/Device/MIDIClassDevice.o
 .debug_aranges
                0x00000218       0x90 src/LUFA/LUFA/Drivers/USB/Class/Device/PrinterClassDevice.o
 .debug_aranges
                0x000002a8       0x48 src/LUFA/LUFA/Drivers/USB/Class/Device/RNDISClassDevice.o
 .debug_aranges
                0x000002f0       0x18 src/LUFA/LUFA/Drivers/USB/Class/Host/AndroidAccessoryClassHost.o
 .debug_aranges
                0x00000308       0x18 src/LUFA/LUFA/Drivers/USB/Class/Host/AudioClassHost.o
 .debug_aranges
                0x00000320       0x18 src/LUFA/LUFA/Drivers/USB/Class/Host/CDCClassHost.o
 .debug_aranges
                0x00000338       0x18 src/LUFA/LUFA/Drivers/USB/Class/Host/HIDClassHost.o
 .debug_aranges
                0x00000350       0x18 src/LUFA/LUFA/Drivers/USB/Class/Host/MassStorageClassHost.o
 .debug_aranges
                0x00000368       0x18 src/LUFA/LUFA/Drivers/USB/Class/Host/MIDIClassHost.o
 .debug_aranges
                0x00000380       0x18 src/LUFA/LUFA/Drivers/USB/Class/Host/PrinterClassHost.o
 .debug_aranges
                0x00000398       0x18 src/LUFA/LUFA/Drivers/USB/Class/Host/RNDISClassHost.o
 .debug_aranges
                0x000003b0       0x18 src/LUFA/LUFA/Drivers/USB/Class/Host/StillImageClassHost.o
 .debug_aranges
                0x000003c8       0x20 src/LUFA/LUFA/Drivers/USB/Core/AVR8/Device_AVR8.o
 .debug_aranges
                0x000003e8       0xc8 src/LUFA/LUFA/Drivers/USB/Core/AVR8/EndpointStream_AVR8.o
 .debug_aranges
                0x000004b0       0x40 src/LUFA/LUFA/Drivers/USB/Core/AVR8/Endpoint_AVR8.o
 .debug_aranges
                0x000004f0       0x18 src/LUFA/LUFA/Drivers/USB/Core/AVR8/Host_AVR8.o
 .debug_aranges
                0x00000508       0x18 src/LUFA/LUFA/Drivers/USB/Core/AVR8/PipeStream_AVR8.o
 .debug_aranges
                0x00000520       0x18 src/LUFA/LUFA/Drivers/USB/Core/AVR8/Pipe_AVR8.o
 .debug_aranges
                0x00000538       0x18 src/LUFA/LUFA/Drivers/USB/Core/AVR8/Template/Template_Endpoint_Control_R.o
 .debug_aranges
                0x00000550       0x18 src/LUFA/LUFA/Drivers/USB/Core/AVR8/Template/Template_Endpoint_Control_W.o
 .debug_aranges
                0x00000568       0x18 src/LUFA/LUFA/Drivers/USB/Core/AVR8/Template/Template_Endpoint_RW.o
 .debug_aranges
                0x00000580       0x18 src/LUFA/LUFA/Drivers/USB/Core/AVR8/Template/Template_Pipe_RW.o
 .debug_aranges
                0x00000598       0x30 src/LUFA/LUFA/Drivers/USB/Core/AVR8/USBController_AVR8.o
 .debug_aranges
                0x000005c8       0x30 src/LUFA/LUFA/Drivers/USB/Core/AVR8/USBInterrupt_AVR8.o
 .debug_aranges
                0x000005f8       0x40 src/LUFA/LUFA/Drivers/USB/Core/ConfigDescriptors.o
 .debug_aranges
                0x00000638       0x20 src/LUFA/LUFA/Drivers/USB/Core/DeviceStandardReq.o
 .debug_aranges
                0x00000658       0x20 src/LUFA/LUFA/Drivers/USB/Core/Events.o
 .debug_aranges
                0x00000678       0x18 src/LUFA/LUFA/Drivers/USB/Core/HostStandardReq.o
 .debug_aranges
                0x00000690       0x20 src/LUFA/LUFA/Drivers/USB/Core/USBTask.o

.debug_pubnames
 *(.debug_pubnames)

.debug_info     0x00000000     0xa84b
 *(.debug_info .gnu.linkonce.wi.*)
 .debug_info    0x00000000      0xf60 BootloaderCDC.o
 .debug_info    0x00000f60      0x699 Descriptors.o
 .debug_info    0x000015f9      0x742 src/LUFA/LUFA/Drivers/USB/Class/Common/HIDParser.o
 .debug_info    0x00001d3b      0x8ee src/LUFA/LUFA/Drivers/USB/Class/Device/AudioClassDevice.o
 .debug_info    0x00002629      0xe70 src/LUFA/LUFA/Drivers/USB/Class/Device/CDCClassDevice.o
 .debug_info    0x00003499      0x9dc src/LUFA/LUFA/Drivers/USB/Class/Device/HIDClassDevice.o
 .debug_info    0x00003e75      0x969 src/LUFA/LUFA/Drivers/USB/Class/Device/MassStorageClassDevice.o
 .debug_info    0x000047de      0x621 src/LUFA/LUFA/Drivers/USB/Class/Device/MIDIClassDevice.o
 .debug_info    0x00004dff      0xcd7 src/LUFA/LUFA/Drivers/USB/Class/Device/PrinterClassDevice.o
 .debug_info    0x00005ad6     0x116a src/LUFA/LUFA/Drivers/USB/Class/Device/RNDISClassDevice.o
 .debug_info    0x00006c40       0x5a src/LUFA/LUFA/Drivers/USB/Class/Host/AndroidAccessoryClassHost.o
 .debug_info    0x00006c9a       0x5a src/LUFA/LUFA/Drivers/USB/Class/Host/AudioClassHost.o
 .debug_info    0x00006cf4       0x5a src/LUFA/LUFA/Drivers/USB/Class/Host/CDCClassHost.o
 .debug_info    0x00006d4e       0x5a src/LUFA/LUFA/Drivers/USB/Class/Host/HIDClassHost.o
 .debug_info    0x00006da8       0x5a src/LUFA/LUFA/Drivers/USB/Class/Host/MassStorageClassHost.o
 .debug_info    0x00006e02       0x5a src/LUFA/LUFA/Drivers/USB/Class/Host/MIDIClassHost.o
 .debug_info    0x00006e5c       0x5a src/LUFA/LUFA/Drivers/USB/Class/Host/PrinterClassHost.o
 .debug_info    0x00006eb6       0x5a src/LUFA/LUFA/Drivers/USB/Class/Host/RNDISClassHost.o
 .debug_info    0x00006f10       0x5a src/LUFA/LUFA/Drivers/USB/Class/Host/StillImageClassHost.o
 .debug_info    0x00006f6a       0xd6 src/LUFA/LUFA/Drivers/USB/Core/AVR8/Device_AVR8.o
 .debug_info    0x00007040     0x17b0 src/LUFA/LUFA/Drivers/USB/Core/AVR8/EndpointStream_AVR8.o
 .debug_info    0x000087f0      0x592 src/LUFA/LUFA/Drivers/USB/Core/AVR8/Endpoint_AVR8.o
 .debug_info    0x00008d82       0x5a src/LUFA/LUFA/Drivers/USB/Core/AVR8/Host_AVR8.o
 .debug_info    0x00008ddc       0x5a src/LUFA/LUFA/Drivers/USB/Core/AVR8/PipeStream_AVR8.o
 .debug_info    0x00008e36       0x5a src/LUFA/LUFA/Drivers/USB/Core/AVR8/Pipe_AVR8.o
 .debug_info    0x00008e90       0x21 src/LUFA/LUFA/Drivers/USB/Core/AVR8/Template/Template_Endpoint_Control_R.o
 .debug_info    0x00008eb1       0x21 src/LUFA/LUFA/Drivers/USB/Core/AVR8/Template/Template_Endpoint_Control_W.o
 .debug_info    0x00008ed2       0x21 src/LUFA/LUFA/Drivers/USB/Core/AVR8/Template/Template_Endpoint_RW.o
 .debug_info    0x00008ef3       0x21 src/LUFA/LUFA/Drivers/USB/Core/AVR8/Template/Template_Pipe_RW.o
 .debug_info    0x00008f14      0x4a3 src/LUFA/LUFA/Drivers/USB/Core/AVR8/USBController_AVR8.o
 .debug_info    0x000093b7      0x5fd src/LUFA/LUFA/Drivers/USB/Core/AVR8/USBInterrupt_AVR8.o
 .debug_info    0x000099b4      0x3d1 src/LUFA/LUFA/Drivers/USB/Core/ConfigDescriptors.o
 .debug_info    0x00009d85      0x798 src/LUFA/LUFA/Drivers/USB/Core/DeviceStandardReq.o
 .debug_info    0x0000a51d       0x7c src/LUFA/LUFA/Drivers/USB/Core/Events.o
 .debug_info    0x0000a599       0x5a src/LUFA/LUFA/Drivers/USB/Core/HostStandardReq.o
 .debug_info    0x0000a5f3      0x258 src/LUFA/LUFA/Drivers/USB/Core/USBTask.o

.debug_abbrev   0x00000000     0x2b7a
 *(.debug_abbrev)
 .debug_abbrev  0x00000000      0x3f4 BootloaderCDC.o
 .debug_abbrev  0x000003f4      0x118 Descriptors.o
 .debug_abbrev  0x0000050c      0x221 src/LUFA/LUFA/Drivers/USB/Class/Common/HIDParser.o
 .debug_abbrev  0x0000072d      0x208 src/LUFA/LUFA/Drivers/USB/Class/Device/AudioClassDevice.o
 .debug_abbrev  0x00000935      0x419 src/LUFA/LUFA/Drivers/USB/Class/Device/CDCClassDevice.o
 .debug_abbrev  0x00000d4e      0x267 src/LUFA/LUFA/Drivers/USB/Class/Device/HIDClassDevice.o
 .debug_abbrev  0x00000fb5      0x2bc src/LUFA/LUFA/Drivers/USB/Class/Device/MassStorageClassDevice.o
 .debug_abbrev  0x00001271      0x22e src/LUFA/LUFA/Drivers/USB/Class/Device/MIDIClassDevice.o
 .debug_abbrev  0x0000149f      0x346 src/LUFA/LUFA/Drivers/USB/Class/Device/PrinterClassDevice.o
 .debug_abbrev  0x000017e5      0x36b src/LUFA/LUFA/Drivers/USB/Class/Device/RNDISClassDevice.o
 .debug_abbrev  0x00001b50       0x29 src/LUFA/LUFA/Drivers/USB/Class/Host/AndroidAccessoryClassHost.o
 .debug_abbrev  0x00001b79       0x29 src/LUFA/LUFA/Drivers/USB/Class/Host/AudioClassHost.o
 .debug_abbrev  0x00001ba2       0x29 src/LUFA/LUFA/Drivers/USB/Class/Host/CDCClassHost.o
 .debug_abbrev  0x00001bcb       0x29 src/LUFA/LUFA/Drivers/USB/Class/Host/HIDClassHost.o
 .debug_abbrev  0x00001bf4       0x29 src/LUFA/LUFA/Drivers/USB/Class/Host/MassStorageClassHost.o
 .debug_abbrev  0x00001c1d       0x29 src/LUFA/LUFA/Drivers/USB/Class/Host/MIDIClassHost.o
 .debug_abbrev  0x00001c46       0x29 src/LUFA/LUFA/Drivers/USB/Class/Host/PrinterClassHost.o
 .debug_abbrev  0x00001c6f       0x29 src/LUFA/LUFA/Drivers/USB/Class/Host/RNDISClassHost.o
 .debug_abbrev  0x00001c98       0x29 src/LUFA/LUFA/Drivers/USB/Class/Host/StillImageClassHost.o
 .debug_abbrev  0x00001cc1       0x83 src/LUFA/LUFA/Drivers/USB/Core/AVR8/Device_AVR8.o
 .debug_abbrev  0x00001d44      0x220 src/LUFA/LUFA/Drivers/USB/Core/AVR8/EndpointStream_AVR8.o
 .debug_abbrev  0x00001f64      0x206 src/LUFA/LUFA/Drivers/USB/Core/AVR8/Endpoint_AVR8.o
 .debug_abbrev  0x0000216a       0x29 src/LUFA/LUFA/Drivers/USB/Core/AVR8/Host_AVR8.o
 .debug_abbrev  0x00002193       0x29 src/LUFA/LUFA/Drivers/USB/Core/AVR8/PipeStream_AVR8.o
 .debug_abbrev  0x000021bc       0x29 src/LUFA/LUFA/Drivers/USB/Core/AVR8/Pipe_AVR8.o
 .debug_abbrev  0x000021e5       0x13 src/LUFA/LUFA/Drivers/USB/Core/AVR8/Template/Template_Endpoint_Control_R.o
 .debug_abbrev  0x000021f8       0x13 src/LUFA/LUFA/Drivers/USB/Core/AVR8/Template/Template_Endpoint_Control_W.o
 .debug_abbrev  0x0000220b       0x13 src/LUFA/LUFA/Drivers/USB/Core/AVR8/Template/Template_Endpoint_RW.o
 .debug_abbrev  0x0000221e       0x13 src/LUFA/LUFA/Drivers/USB/Core/AVR8/Template/Template_Pipe_RW.o
 .debug_abbrev  0x00002231      0x199 src/LUFA/LUFA/Drivers/USB/Core/AVR8/USBController_AVR8.o
 .debug_abbrev  0x000023ca      0x1d1 src/LUFA/LUFA/Drivers/USB/Core/AVR8/USBInterrupt_AVR8.o
 .debug_abbrev  0x0000259b      0x186 src/LUFA/LUFA/Drivers/USB/Core/ConfigDescriptors.o
 .debug_abbrev  0x00002721      0x27e src/LUFA/LUFA/Drivers/USB/Core/DeviceStandardReq.o
 .debug_abbrev  0x0000299f       0x47 src/LUFA/LUFA/Drivers/USB/Core/Events.o
 .debug_abbrev  0x000029e6       0x29 src/LUFA/LUFA/Drivers/USB/Core/HostStandardReq.o
 .debug_abbrev  0x00002a0f      0x16b src/LUFA/LUFA/Drivers/USB/Core/USBTask.o

.debug_line     0x00000000    0x140d8
 *(.debug_line .debug_line.* .debug_line_end)
 .debug_line    0x00000000     0x13a1 BootloaderCDC.o
 .debug_line    0x000013a1      0xcaf Descriptors.o
 .debug_line    0x00002050      0xa0b src/LUFA/LUFA/Drivers/USB/Class/Common/HIDParser.o
 .debug_line    0x00002a5b      0xfc2 src/LUFA/LUFA/Drivers/USB/Class/Device/AudioClassDevice.o
 .debug_line    0x00003a1d     0x1395 src/LUFA/LUFA/Drivers/USB/Class/Device/CDCClassDevice.o
 .debug_line    0x00004db2     0x10a1 src/LUFA/LUFA/Drivers/USB/Class/Device/HIDClassDevice.o
 .debug_line    0x00005e53     0x10a0 src/LUFA/LUFA/Drivers/USB/Class/Device/MassStorageClassDevice.o
 .debug_line    0x00006ef3      0xfb1 src/LUFA/LUFA/Drivers/USB/Class/Device/MIDIClassDevice.o
 .debug_line    0x00007ea4     0x12ad src/LUFA/LUFA/Drivers/USB/Class/Device/PrinterClassDevice.o
 .debug_line    0x00009151     0x127b src/LUFA/LUFA/Drivers/USB/Class/Device/RNDISClassDevice.o
 .debug_line    0x0000a3cc      0x495 src/LUFA/LUFA/Drivers/USB/Class/Host/AndroidAccessoryClassHost.o
 .debug_line    0x0000a861      0x48a src/LUFA/LUFA/Drivers/USB/Class/Host/AudioClassHost.o
 .debug_line    0x0000aceb      0x488 src/LUFA/LUFA/Drivers/USB/Class/Host/CDCClassHost.o
 .debug_line    0x0000b173      0x488 src/LUFA/LUFA/Drivers/USB/Class/Host/HIDClassHost.o
 .debug_line    0x0000b5fb      0x490 src/LUFA/LUFA/Drivers/USB/Class/Host/MassStorageClassHost.o
 .debug_line    0x0000ba8b      0x489 src/LUFA/LUFA/Drivers/USB/Class/Host/MIDIClassHost.o
 .debug_line    0x0000bf14      0x48c src/LUFA/LUFA/Drivers/USB/Class/Host/PrinterClassHost.o
 .debug_line    0x0000c3a0      0x48a src/LUFA/LUFA/Drivers/USB/Class/Host/RNDISClassHost.o
 .debug_line    0x0000c82a      0x48f src/LUFA/LUFA/Drivers/USB/Class/Host/StillImageClassHost.o
 .debug_line    0x0000ccb9      0x913 src/LUFA/LUFA/Drivers/USB/Core/AVR8/Device_AVR8.o
 .debug_line    0x0000d5cc     0x1b0c src/LUFA/LUFA/Drivers/USB/Core/AVR8/EndpointStream_AVR8.o
 .debug_line    0x0000f0d8      0xb31 src/LUFA/LUFA/Drivers/USB/Core/AVR8/Endpoint_AVR8.o
 .debug_line    0x0000fc09      0x472 src/LUFA/LUFA/Drivers/USB/Core/AVR8/Host_AVR8.o
 .debug_line    0x0001007b      0x478 src/LUFA/LUFA/Drivers/USB/Core/AVR8/PipeStream_AVR8.o
 .debug_line    0x000104f3      0x472 src/LUFA/LUFA/Drivers/USB/Core/AVR8/Pipe_AVR8.o
 .debug_line    0x00010965       0x6b src/LUFA/LUFA/Drivers/USB/Core/AVR8/Template/Template_Endpoint_Control_R.o
 .debug_line    0x000109d0       0x6b src/LUFA/LUFA/Drivers/USB/Core/AVR8/Template/Template_Endpoint_Control_W.o
 .debug_line    0x00010a3b       0x64 src/LUFA/LUFA/Drivers/USB/Core/AVR8/Template/Template_Endpoint_RW.o
 .debug_line    0x00010a9f       0x60 src/LUFA/LUFA/Drivers/USB/Core/AVR8/Template/Template_Pipe_RW.o
 .debug_line    0x00010aff      0x8a0 src/LUFA/LUFA/Drivers/USB/Core/AVR8/USBController_AVR8.o
 .debug_line    0x0001139f      0xaa4 src/LUFA/LUFA/Drivers/USB/Core/AVR8/USBInterrupt_AVR8.o
 .debug_line    0x00011e43      0x89e src/LUFA/LUFA/Drivers/USB/Core/ConfigDescriptors.o
 .debug_line    0x000126e1      0x98e src/LUFA/LUFA/Drivers/USB/Core/DeviceStandardReq.o
 .debug_line    0x0001306f      0x454 src/LUFA/LUFA/Drivers/USB/Core/Events.o
 .debug_line    0x000134c3      0x441 src/LUFA/LUFA/Drivers/USB/Core/HostStandardReq.o
 .debug_line    0x00013904      0x7d4 src/LUFA/LUFA/Drivers/USB/Core/USBTask.o

.debug_frame    0x00000000      0xefc
 *(.debug_frame)
 .debug_frame   0x00000000       0xc8 BootloaderCDC.o
 .debug_frame   0x000000c8       0x24 Descriptors.o
 .debug_frame   0x000000ec      0x114 src/LUFA/LUFA/Drivers/USB/Class/Common/HIDParser.o
 .debug_frame   0x00000200       0xa8 src/LUFA/LUFA/Drivers/USB/Class/Device/AudioClassDevice.o
 .debug_frame   0x000002a8      0x168 src/LUFA/LUFA/Drivers/USB/Class/Device/CDCClassDevice.o
 .debug_frame   0x00000410       0xe4 src/LUFA/LUFA/Drivers/USB/Class/Device/HIDClassDevice.o
 .debug_frame   0x000004f4       0x80 src/LUFA/LUFA/Drivers/USB/Class/Device/MassStorageClassDevice.o
 .debug_frame   0x00000574       0x70 src/LUFA/LUFA/Drivers/USB/Class/Device/MIDIClassDevice.o
 .debug_frame   0x000005e4      0x144 src/LUFA/LUFA/Drivers/USB/Class/Device/PrinterClassDevice.o
 .debug_frame   0x00000728      0x114 src/LUFA/LUFA/Drivers/USB/Class/Device/RNDISClassDevice.o
 .debug_frame   0x0000083c       0x24 src/LUFA/LUFA/Drivers/USB/Core/AVR8/Device_AVR8.o
 .debug_frame   0x00000860      0x3ac src/LUFA/LUFA/Drivers/USB/Core/AVR8/EndpointStream_AVR8.o
 .debug_frame   0x00000c0c       0x78 src/LUFA/LUFA/Drivers/USB/Core/AVR8/Endpoint_AVR8.o
 .debug_frame   0x00000c84       0x58 src/LUFA/LUFA/Drivers/USB/Core/AVR8/USBController_AVR8.o
 .debug_frame   0x00000cdc       0x8c src/LUFA/LUFA/Drivers/USB/Core/AVR8/USBInterrupt_AVR8.o
 .debug_frame   0x00000d68      0x108 src/LUFA/LUFA/Drivers/USB/Core/ConfigDescriptors.o
 .debug_frame   0x00000e70       0x3c src/LUFA/LUFA/Drivers/USB/Core/DeviceStandardReq.o
 .debug_frame   0x00000eac       0x24 src/LUFA/LUFA/Drivers/USB/Core/Events.o
 .debug_frame   0x00000ed0       0x2c src/LUFA/LUFA/Drivers/USB/Core/USBTask.o

.debug_str      0x00000000    0x19bca
 *(.debug_str)
 .debug_str     0x00000000    0x160a9 BootloaderCDC.o
                              0x163ba (size before relaxing)
 .debug_str     0x000160a9      0x6bb Descriptors.o
                              0x153ce (size before relaxing)
 .debug_str     0x00016764      0x49b src/LUFA/LUFA/Drivers/USB/Class/Common/HIDParser.o
                              0x12647 (size before relaxing)
 .debug_str     0x00016bff      0x3f0 src/LUFA/LUFA/Drivers/USB/Class/Device/AudioClassDevice.o
                              0x150dc (size before relaxing)
 .debug_str     0x00016fef      0x4a7 src/LUFA/LUFA/Drivers/USB/Class/Device/CDCClassDevice.o
                              0x1542f (size before relaxing)
 .debug_str     0x00017496      0x288 src/LUFA/LUFA/Drivers/USB/Class/Device/HIDClassDevice.o
                              0x1512c (size before relaxing)
 .debug_str     0x0001771e      0x305 src/LUFA/LUFA/Drivers/USB/Class/Device/MassStorageClassDevice.o
                              0x1523a (size before relaxing)
 .debug_str     0x00017a23      0x13c src/LUFA/LUFA/Drivers/USB/Class/Device/MIDIClassDevice.o
                              0x1509c (size before relaxing)
 .debug_str     0x00017b5f      0x293 src/LUFA/LUFA/Drivers/USB/Class/Device/PrinterClassDevice.o
                              0x15368 (size before relaxing)
 .debug_str     0x00017df2      0x716 src/LUFA/LUFA/Drivers/USB/Class/Device/RNDISClassDevice.o
                              0x1578f (size before relaxing)
 .debug_str     0x00018508       0x44 src/LUFA/LUFA/Drivers/USB/Class/Host/AndroidAccessoryClassHost.o
                               0xe27c (size before relaxing)
 .debug_str     0x0001854c       0x39 src/LUFA/LUFA/Drivers/USB/Class/Host/AudioClassHost.o
                               0xe271 (size before relaxing)
 .debug_str     0x00018585       0x37 src/LUFA/LUFA/Drivers/USB/Class/Host/CDCClassHost.o
                               0xe26f (size before relaxing)
 .debug_str     0x000185bc       0x37 src/LUFA/LUFA/Drivers/USB/Class/Host/HIDClassHost.o
                               0xe26f (size before relaxing)
 .debug_str     0x000185f3       0x3f src/LUFA/LUFA/Drivers/USB/Class/Host/MassStorageClassHost.o
                               0xe277 (size before relaxing)
 .debug_str     0x00018632       0x38 src/LUFA/LUFA/Drivers/USB/Class/Host/MIDIClassHost.o
                               0xe270 (size before relaxing)
 .debug_str     0x0001866a       0x3b src/LUFA/LUFA/Drivers/USB/Class/Host/PrinterClassHost.o
                               0xe273 (size before relaxing)
 .debug_str     0x000186a5       0x39 src/LUFA/LUFA/Drivers/USB/Class/Host/RNDISClassHost.o
                               0xe271 (size before relaxing)
 .debug_str     0x000186de       0x3e src/LUFA/LUFA/Drivers/USB/Class/Host/StillImageClassHost.o
                               0xe276 (size before relaxing)
 .debug_str     0x0001871c       0x7d src/LUFA/LUFA/Drivers/USB/Core/AVR8/Device_AVR8.o
                               0xed1a (size before relaxing)
 .debug_str     0x00018799      0x88c src/LUFA/LUFA/Drivers/USB/Core/AVR8/EndpointStream_AVR8.o
                               0xfa8a (size before relaxing)
 .debug_str     0x00019025      0x10e src/LUFA/LUFA/Drivers/USB/Core/AVR8/Endpoint_AVR8.o
                               0xf109 (size before relaxing)
 .debug_str     0x00019133       0x33 src/LUFA/LUFA/Drivers/USB/Core/AVR8/Host_AVR8.o
                               0xe26b (size before relaxing)
 .debug_str     0x00019166       0x39 src/LUFA/LUFA/Drivers/USB/Core/AVR8/PipeStream_AVR8.o
                               0xe271 (size before relaxing)
 .debug_str     0x0001919f       0x33 src/LUFA/LUFA/Drivers/USB/Core/AVR8/Pipe_AVR8.o
                               0xe26b (size before relaxing)
 .debug_str     0x000191d2       0x4e src/LUFA/LUFA/Drivers/USB/Core/AVR8/Template/Template_Endpoint_Control_R.o
                               0x2b48 (size before relaxing)
 .debug_str     0x00019220       0x4e src/LUFA/LUFA/Drivers/USB/Core/AVR8/Template/Template_Endpoint_Control_W.o
                               0x2b48 (size before relaxing)
 .debug_str     0x0001926e       0x47 src/LUFA/LUFA/Drivers/USB/Core/AVR8/Template/Template_Endpoint_RW.o
                               0x2b41 (size before relaxing)
 .debug_str     0x000192b5       0x43 src/LUFA/LUFA/Drivers/USB/Core/AVR8/Template/Template_Pipe_RW.o
                               0x2b3d (size before relaxing)
 .debug_str     0x000192f8      0x249 src/LUFA/LUFA/Drivers/USB/Core/AVR8/USBController_AVR8.o
                               0xf04d (size before relaxing)
 .debug_str     0x00019541      0x134 src/LUFA/LUFA/Drivers/USB/Core/AVR8/USBInterrupt_AVR8.o
                               0xf022 (size before relaxing)
 .debug_str     0x00019675      0x22d src/LUFA/LUFA/Drivers/USB/Core/ConfigDescriptors.o
                               0xf08d (size before relaxing)
 .debug_str     0x000198a2      0x223 src/LUFA/LUFA/Drivers/USB/Core/DeviceStandardReq.o
                               0xf296 (size before relaxing)
 .debug_str     0x00019ac5       0x53 src/LUFA/LUFA/Drivers/USB/Core/Events.o
                               0xe29c (size before relaxing)
 .debug_str     0x00019b18       0x34 src/LUFA/LUFA/Drivers/USB/Core/HostStandardReq.o
                               0xe26c (size before relaxing)
 .debug_str     0x00019b4c       0x7e src/LUFA/LUFA/Drivers/USB/Core/USBTask.o
                               0xeeab (size before relaxing)

.debug_loc      0x00000000     0x666a
 *(.debug_loc)
 .debug_loc     0x00000000      0x488 BootloaderCDC.o
 .debug_loc     0x00000488      0x1f4 Descriptors.o
 .debug_loc     0x0000067c      0xab2 src/LUFA/LUFA/Drivers/USB/Class/Common/HIDParser.o
 .debug_loc     0x0000112e      0x37c src/LUFA/LUFA/Drivers/USB/Class/Device/AudioClassDevice.o
 .debug_loc     0x000014aa      0x85b src/LUFA/LUFA/Drivers/USB/Class/Device/CDCClassDevice.o
 .debug_loc     0x00001d05      0x42b src/LUFA/LUFA/Drivers/USB/Class/Device/HIDClassDevice.o
 .debug_loc     0x00002130      0x29f src/LUFA/LUFA/Drivers/USB/Class/Device/MassStorageClassDevice.o
 .debug_loc     0x000023cf      0x2b8 src/LUFA/LUFA/Drivers/USB/Class/Device/MIDIClassDevice.o
 .debug_loc     0x00002687      0x84c src/LUFA/LUFA/Drivers/USB/Class/Device/PrinterClassDevice.o
 .debug_loc     0x00002ed3      0xc7e src/LUFA/LUFA/Drivers/USB/Class/Device/RNDISClassDevice.o
 .debug_loc     0x00003b51     0x1dc8 src/LUFA/LUFA/Drivers/USB/Core/AVR8/EndpointStream_AVR8.o
 .debug_loc     0x00005919      0x2ff src/LUFA/LUFA/Drivers/USB/Core/AVR8/Endpoint_AVR8.o
 .debug_loc     0x00005c18       0x49 src/LUFA/LUFA/Drivers/USB/Core/AVR8/USBController_AVR8.o
 .debug_loc     0x00005c61      0x21f src/LUFA/LUFA/Drivers/USB/Core/AVR8/USBInterrupt_AVR8.o
 .debug_loc     0x00005e80      0x5bd src/LUFA/LUFA/Drivers/USB/Core/ConfigDescriptors.o
 .debug_loc     0x0000643d      0x1e4 src/LUFA/LUFA/Drivers/USB/Core/DeviceStandardReq.o
 .debug_loc     0x00006621       0x49 src/LUFA/LUFA/Drivers/USB/Core/USBTask.o

.debug_macinfo
 *(.debug_macinfo)

.debug_weaknames
 *(.debug_weaknames)

.debug_funcnames
 *(.debug_funcnames)

.debug_typenames
 *(.debug_typenames)

.debug_varnames
 *(.debug_varnames)

.debug_pubtypes
 *(.debug_pubtypes)

.debug_ranges   0x00000000      0x740
 *(.debug_ranges)
 .debug_ranges  0x00000000       0xc8 BootloaderCDC.o
 .debug_ranges  0x000000c8       0x10 Descriptors.o
 .debug_ranges  0x000000d8       0xd0 src/LUFA/LUFA/Drivers/USB/Class/Common/HIDParser.o
 .debug_ranges  0x000001a8       0x20 src/LUFA/LUFA/Drivers/USB/Class/Device/AudioClassDevice.o
 .debug_ranges  0x000001c8       0x88 src/LUFA/LUFA/Drivers/USB/Class/Device/CDCClassDevice.o
 .debug_ranges  0x00000250       0x20 src/LUFA/LUFA/Drivers/USB/Class/Device/HIDClassDevice.o
 .debug_ranges  0x00000270       0x20 src/LUFA/LUFA/Drivers/USB/Class/Device/MassStorageClassDevice.o
 .debug_ranges  0x00000290       0x30 src/LUFA/LUFA/Drivers/USB/Class/Device/MIDIClassDevice.o
 .debug_ranges  0x000002c0       0x80 src/LUFA/LUFA/Drivers/USB/Class/Device/PrinterClassDevice.o
 .debug_ranges  0x00000340       0x88 src/LUFA/LUFA/Drivers/USB/Class/Device/RNDISClassDevice.o
 .debug_ranges  0x000003c8       0x10 src/LUFA/LUFA/Drivers/USB/Core/AVR8/Device_AVR8.o
 .debug_ranges  0x000003d8      0x250 src/LUFA/LUFA/Drivers/USB/Core/AVR8/EndpointStream_AVR8.o
 .debug_ranges  0x00000628       0x60 src/LUFA/LUFA/Drivers/USB/Core/AVR8/Endpoint_AVR8.o
 .debug_ranges  0x00000688       0x20 src/LUFA/LUFA/Drivers/USB/Core/AVR8/USBController_AVR8.o
 .debug_ranges  0x000006a8       0x20 src/LUFA/LUFA/Drivers/USB/Core/AVR8/USBInterrupt_AVR8.o
 .debug_ranges  0x000006c8       0x30 src/LUFA/LUFA/Drivers/USB/Core/ConfigDescriptors.o
 .debug_ranges  0x000006f8       0x28 src/LUFA/LUFA/Drivers/USB/Core/DeviceStandardReq.o
 .debug_ranges  0x00000720       0x10 src/LUFA/LUFA/Drivers/USB/Core/Events.o
 .debug_ranges  0x00000730       0x10 src/LUFA/LUFA/Drivers/USB/Core/USBTask.o

.debug_macro    0x00000000     0xaf6c
 *(.debug_macro)
 .debug_macro   0x00000000      0x4a1 BootloaderCDC.o
 .debug_macro   0x000004a1      0xa54 BootloaderCDC.o
 .debug_macro   0x00000ef5       0x10 BootloaderCDC.o
 .debug_macro   0x00000f05      0x1ad BootloaderCDC.o
 .debug_macro   0x000010b2      0x293 BootloaderCDC.o
 .debug_macro   0x00001345       0x9e BootloaderCDC.o
 .debug_macro   0x000013e3     0x20f4 BootloaderCDC.o
 .debug_macro   0x000034d7      0x14f BootloaderCDC.o
 .debug_macro   0x00003626       0xd9 BootloaderCDC.o
 .debug_macro   0x000036ff       0x34 BootloaderCDC.o
 .debug_macro   0x00003733       0x18 BootloaderCDC.o
 .debug_macro   0x0000374b       0x6c BootloaderCDC.o
 .debug_macro   0x000037b7       0x76 BootloaderCDC.o
 .debug_macro   0x0000382d       0x87 BootloaderCDC.o
 .debug_macro   0x000038b4      0x166 BootloaderCDC.o
 .debug_macro   0x00003a1a       0x3c BootloaderCDC.o
 .debug_macro   0x00003a56      0x10c BootloaderCDC.o
 .debug_macro   0x00003b62      0x160 BootloaderCDC.o
 .debug_macro   0x00003cc2       0xab BootloaderCDC.o
 .debug_macro   0x00003d6d       0x69 BootloaderCDC.o
 .debug_macro   0x00003dd6       0x22 BootloaderCDC.o
 .debug_macro   0x00003df8       0x12 BootloaderCDC.o
 .debug_macro   0x00003e0a       0x10 BootloaderCDC.o
 .debug_macro   0x00003e1a       0x16 BootloaderCDC.o
 .debug_macro   0x00003e30       0x35 BootloaderCDC.o
 .debug_macro   0x00003e65       0x10 BootloaderCDC.o
 .debug_macro   0x00003e75       0x22 BootloaderCDC.o
 .debug_macro   0x00003e97      0x18b BootloaderCDC.o
 .debug_macro   0x00004022       0x36 BootloaderCDC.o
 .debug_macro   0x00004058       0x1c BootloaderCDC.o
 .debug_macro   0x00004074       0x68 BootloaderCDC.o
 .debug_macro   0x000040dc       0x4c BootloaderCDC.o
 .debug_macro   0x00004128       0x10 BootloaderCDC.o
 .debug_macro   0x00004138      0x175 BootloaderCDC.o
 .debug_macro   0x000042ad      0x167 BootloaderCDC.o
 .debug_macro   0x00004414       0x10 BootloaderCDC.o
 .debug_macro   0x00004424       0x1c BootloaderCDC.o
 .debug_macro   0x00004440       0x86 BootloaderCDC.o
 .debug_macro   0x000044c6       0x3c BootloaderCDC.o
 .debug_macro   0x00004502       0x19 BootloaderCDC.o
 .debug_macro   0x0000451b       0x4d BootloaderCDC.o
 .debug_macro   0x00004568       0x73 BootloaderCDC.o
 .debug_macro   0x000045db       0x16 BootloaderCDC.o
 .debug_macro   0x000045f1       0x12 BootloaderCDC.o
 .debug_macro   0x00004603       0x25 BootloaderCDC.o
 .debug_macro   0x00004628       0x64 BootloaderCDC.o
 .debug_macro   0x0000468c       0x41 BootloaderCDC.o
 .debug_macro   0x000046cd       0x12 BootloaderCDC.o
 .debug_macro   0x000046df       0x10 BootloaderCDC.o
 .debug_macro   0x000046ef       0x1c BootloaderCDC.o
 .debug_macro   0x0000470b       0x16 BootloaderCDC.o
 .debug_macro   0x00004721       0x16 BootloaderCDC.o
 .debug_macro   0x00004737      0x12c BootloaderCDC.o
 .debug_macro   0x00004863       0x16 BootloaderCDC.o
 .debug_macro   0x00004879       0x46 BootloaderCDC.o
 .debug_macro   0x000048bf       0x58 BootloaderCDC.o
 .debug_macro   0x00004917       0x10 BootloaderCDC.o
 .debug_macro   0x00004927       0xeb BootloaderCDC.o
 .debug_macro   0x00004a12       0x16 BootloaderCDC.o
 .debug_macro   0x00004a28      0x154 BootloaderCDC.o
 .debug_macro   0x00004b7c       0x2a BootloaderCDC.o
 .debug_macro   0x00004ba6      0x657 BootloaderCDC.o
 .debug_macro   0x000051fd       0x16 BootloaderCDC.o
 .debug_macro   0x00005213      0x132 BootloaderCDC.o
 .debug_macro   0x00005345       0x16 BootloaderCDC.o
 .debug_macro   0x0000535b       0x10 BootloaderCDC.o
 .debug_macro   0x0000536b       0x6c BootloaderCDC.o
 .debug_macro   0x000053d7       0x16 BootloaderCDC.o
 .debug_macro   0x000053ed       0x1c BootloaderCDC.o
 .debug_macro   0x00005409       0x16 BootloaderCDC.o
 .debug_macro   0x0000541f       0x10 BootloaderCDC.o
 .debug_macro   0x0000542f      0x1c5 BootloaderCDC.o
 .debug_macro   0x000055f4       0x16 BootloaderCDC.o
 .debug_macro   0x0000560a       0x34 BootloaderCDC.o
 .debug_macro   0x0000563e       0x10 BootloaderCDC.o
 .debug_macro   0x0000564e       0x2e BootloaderCDC.o
 .debug_macro   0x0000567c       0x2e BootloaderCDC.o
 .debug_macro   0x000056aa      0x438 Descriptors.o
 .debug_macro   0x00005ae2       0x97 Descriptors.o
 .debug_macro   0x00005b79       0x16 Descriptors.o
 .debug_macro   0x00005b8f       0xef Descriptors.o
 .debug_macro   0x00005c7e      0x299 Descriptors.o
 .debug_macro   0x00005f17       0x35 Descriptors.o
 .debug_macro   0x00005f4c      0x1c0 src/LUFA/LUFA/Drivers/USB/Class/Common/HIDParser.o
 .debug_macro   0x0000610c       0x1f src/LUFA/LUFA/Drivers/USB/Class/Common/HIDParser.o
 .debug_macro   0x0000612b      0x439 src/LUFA/LUFA/Drivers/USB/Class/Device/AudioClassDevice.o
 .debug_macro   0x00006564       0x40 src/LUFA/LUFA/Drivers/USB/Class/Device/AudioClassDevice.o
 .debug_macro   0x000065a4      0x132 src/LUFA/LUFA/Drivers/USB/Class/Device/AudioClassDevice.o
 .debug_macro   0x000066d6      0x439 src/LUFA/LUFA/Drivers/USB/Class/Device/CDCClassDevice.o
 .debug_macro   0x00006b0f      0x43d src/LUFA/LUFA/Drivers/USB/Class/Device/HIDClassDevice.o
 .debug_macro   0x00006f4c      0x443 src/LUFA/LUFA/Drivers/USB/Class/Device/MassStorageClassDevice.o
 .debug_macro   0x0000738f      0x12c src/LUFA/LUFA/Drivers/USB/Class/Device/MassStorageClassDevice.o
 .debug_macro   0x000074bb      0x43d src/LUFA/LUFA/Drivers/USB/Class/Device/MIDIClassDevice.o
 .debug_macro   0x000078f8      0x443 src/LUFA/LUFA/Drivers/USB/Class/Device/PrinterClassDevice.o
 .debug_macro   0x00007d3b       0x16 src/LUFA/LUFA/Drivers/USB/Class/Device/PrinterClassDevice.o
 .debug_macro   0x00007d51      0x43d src/LUFA/LUFA/Drivers/USB/Class/Device/RNDISClassDevice.o
 .debug_macro   0x0000818e      0x178 src/LUFA/LUFA/Drivers/USB/Class/Host/AndroidAccessoryClassHost.o
 .debug_macro   0x00008306      0x178 src/LUFA/LUFA/Drivers/USB/Class/Host/AudioClassHost.o
 .debug_macro   0x0000847e      0x178 src/LUFA/LUFA/Drivers/USB/Class/Host/CDCClassHost.o
 .debug_macro   0x000085f6      0x178 src/LUFA/LUFA/Drivers/USB/Class/Host/HIDClassHost.o
 .debug_macro   0x0000876e      0x178 src/LUFA/LUFA/Drivers/USB/Class/Host/MassStorageClassHost.o
 .debug_macro   0x000088e6      0x178 src/LUFA/LUFA/Drivers/USB/Class/Host/MIDIClassHost.o
 .debug_macro   0x00008a5e      0x178 src/LUFA/LUFA/Drivers/USB/Class/Host/PrinterClassHost.o
 .debug_macro   0x00008bd6      0x178 src/LUFA/LUFA/Drivers/USB/Class/Host/RNDISClassHost.o
 .debug_macro   0x00008d4e      0x178 src/LUFA/LUFA/Drivers/USB/Class/Host/StillImageClassHost.o
 .debug_macro   0x00008ec6      0x29b src/LUFA/LUFA/Drivers/USB/Core/AVR8/Device_AVR8.o
 .debug_macro   0x00009161       0x47 src/LUFA/LUFA/Drivers/USB/Core/AVR8/Device_AVR8.o
 .debug_macro   0x000091a8      0x60c src/LUFA/LUFA/Drivers/USB/Core/AVR8/EndpointStream_AVR8.o
 .debug_macro   0x000097b4       0x28 src/LUFA/LUFA/Drivers/USB/Core/AVR8/EndpointStream_AVR8.o
 .debug_macro   0x000097dc       0x1c src/LUFA/LUFA/Drivers/USB/Core/AVR8/EndpointStream_AVR8.o
 .debug_macro   0x000097f8       0x1c src/LUFA/LUFA/Drivers/USB/Core/AVR8/EndpointStream_AVR8.o
 .debug_macro   0x00009814      0x2a3 src/LUFA/LUFA/Drivers/USB/Core/AVR8/Endpoint_AVR8.o
 .debug_macro   0x00009ab7       0x10 src/LUFA/LUFA/Drivers/USB/Core/AVR8/Endpoint_AVR8.o
 .debug_macro   0x00009ac7      0x17c src/LUFA/LUFA/Drivers/USB/Core/AVR8/Host_AVR8.o
 .debug_macro   0x00009c43      0x17c src/LUFA/LUFA/Drivers/USB/Core/AVR8/PipeStream_AVR8.o
 .debug_macro   0x00009dbf      0x17c src/LUFA/LUFA/Drivers/USB/Core/AVR8/Pipe_AVR8.o
 .debug_macro   0x00009f3b       0x11 src/LUFA/LUFA/Drivers/USB/Core/AVR8/Template/Template_Endpoint_Control_R.o
 .debug_macro   0x00009f4c       0x11 src/LUFA/LUFA/Drivers/USB/Core/AVR8/Template/Template_Endpoint_Control_W.o
 .debug_macro   0x00009f5d       0x11 src/LUFA/LUFA/Drivers/USB/Core/AVR8/Template/Template_Endpoint_RW.o
 .debug_macro   0x00009f6e       0x11 src/LUFA/LUFA/Drivers/USB/Core/AVR8/Template/Template_Pipe_RW.o
 .debug_macro   0x00009f7f      0x275 src/LUFA/LUFA/Drivers/USB/Core/AVR8/USBController_AVR8.o
 .debug_macro   0x0000a1f4       0x79 src/LUFA/LUFA/Drivers/USB/Core/AVR8/USBController_AVR8.o
 .debug_macro   0x0000a26d      0x27d src/LUFA/LUFA/Drivers/USB/Core/AVR8/USBInterrupt_AVR8.o
 .debug_macro   0x0000a4ea      0x28c src/LUFA/LUFA/Drivers/USB/Core/ConfigDescriptors.o
 .debug_macro   0x0000a776      0x27b src/LUFA/LUFA/Drivers/USB/Core/DeviceStandardReq.o
 .debug_macro   0x0000a9f1      0x182 src/LUFA/LUFA/Drivers/USB/Core/Events.o
 .debug_macro   0x0000ab73      0x178 src/LUFA/LUFA/Drivers/USB/Core/HostStandardReq.o
 .debug_macro   0x0000aceb      0x281 src/LUFA/LUFA/Drivers/USB/Core/USBTask.o
OUTPUT(BOOTLOADER_LUFA_CDC_32KB_4KB_32U4_APOLLO.elf elf32-avr)
LOAD linker stubs

.apitable_jumptable
                0x00007fe0        0x0

.apitable_signatures
                0x00007ff8        0x0

.apitable_trampolines
                0x00007fa0        0x0
